// class version 55.0 (55)
// access flags 0x30
final class com/dylibso/chicory/$gen/CompiledMachineFuncGroup_0 {

  // compiled from: com/dylibso/chicory/$gen/CompiledMachineFuncGroup_0
  // debug info: SMAP
com/dylibso/chicory/$gen/CompiledMachineFuncGroup_0.java
C99
*S Mips Assembler
*F
+ 0 task_asyncify_wasm.S
usr/local/lib/tinygo/src/internal/task/task_asyncify_wasm.S
*L
22:1
23:2
25:3
26:4
27:5
28:6
29:7
31:8
32:9
33:10
36:11
37:12
38:13
49:14
50:15
51:16
53:17
54:18
55:19
56:20
58:21
60:22
62:23
73:24
74:25
75:26
77:27
78:28
79:29
80:30
82:31
83:32
84:33
85:34
86:35
87:36
88:37
91:38
93:39
95:40
*S C99
*F
+ 0 task_asyncify.go
usr/local/lib/tinygo/src/internal/task/task_asyncify.go
+ 1 panic.go
usr/local/lib/tinygo/src/runtime/panic.go
+ 2 runtime.go
usr/local/lib/tinygo/src/runtime/runtime.go
+ 3 memhash_leveldb.go
usr/local/lib/tinygo/src/runtime/memhash_leveldb.go
+ 4 runtime_tinygowasm.go
usr/local/lib/tinygo/src/runtime/runtime_tinygowasm.go
+ 5 print.go
usr/local/lib/tinygo/src/runtime/print.go
+ 6 gc_blocks.go
usr/local/lib/tinygo/src/runtime/gc_blocks.go
+ 7 arch_tinygowasm.go
usr/local/lib/tinygo/src/runtime/arch_tinygowasm.go
+ 8 arch_tinygowasm_malloc.go
usr/local/lib/tinygo/src/runtime/arch_tinygowasm_malloc.go
+ 9 hashmap.go
usr/local/lib/tinygo/src/runtime/hashmap.go
+ 10 runtime_wasm_wasi.go
usr/local/lib/tinygo/src/runtime/runtime_wasm_wasi.go
+ 11 queue.go
usr/local/lib/tinygo/src/internal/task/queue.go
+ 12 scheduler.go
usr/local/lib/tinygo/src/runtime/scheduler.go
+ 13 gc_stack_portable.go
usr/local/lib/tinygo/src/runtime/gc_stack_portable.go
+ 14 scheduler_any.go
usr/local/lib/tinygo/src/runtime/scheduler_any.go
+ 15 wait_other.go
usr/local/lib/tinygo/src/runtime/wait_other.go
+ 16 log.go
usr/code/tinygo/log.go
*L
88:41
102:196
102:201
102:205
47:208
61:209
62:210
102:211
62:212
47:213
68:214
65:215
68:216
70:217
69:218
69:219
69:220
65:221
102:222
102:227
102:229
102:231
104:244
106:245
104:246
107:251
107:252
111:253
108:254
109:255
113:258
115:263
115:264
115:265
115:266
116:267
133#1:42
134:43
58:44
59:45
143:73
144:74
67:75
69:76
148:78
149:79
48:175
49:176
50:177
60#2:46
59:47
58:48
60:49
59:50
61:51
30:118
36:191
41:207
45#3:52
45:53
47:54
48:55
48:56
49:57
50:58
50:59
47:60
54:61
54:62
54:63
57:64
57:65
57:66
60:67
60:68
61:69
62:70
62:71
65:72
69#4:77
39:82
69:178
13#5:80
289:81
326:275
327:276
283#6:83
283:84
283:85
284:86
286:87
286:88
283:89
290:90
491:91
190:92
148:93
148:94
148:95
149:96
149:97
149:98
165:99
165:100
165:101
166:102
166:103
166:104
214:108
215:109
214:110
223:112
214:113
224:114
214:115
225:116
215:117
502:119
504:120
505:121
507:122
509:123
510:124
510:125
112:126
156:127
156:128
156:129
157:130
157:131
157:132
245:133
245:134
242:135
246:136
246:137
242:138
245:139
249:140
249:141
250:142
124:143
123:144
123:145
131:146
198:200
201:202
202:203
201:204
201:206
80#7:105
81:106
86:107
86:111
13#8:147
17:148
17:149
13:150
13:151
17:152
24:158
24:159
24:160
31:161
36:179
38:180
38:181
36:182
38:183
42:184
44:185
42:186
50:187
50:188
42:189
42:190
42:192
42:193
50:194
57:195
467#9:153
467:154
467:155
467:156
468:157
480:162
480:163
480:164
480:165
481:166
362:167
492:168
362:169
492:170
492:171
57:172
492:173
371:174
320:277
330:278
330:279
57:280
200:281
186:282
186:283
186:284
199:285
198:286
199:287
198:288
199:289
192:290
192:291
398:292
19#10:197
19:198
19:199
21:256
19#11:223
19:224
20:225
20:226
23:228
22:230
24:232
24:233
25:234
33:236
33:237
38:238
38:239
39:240
39:241
40:242
42:243
162#12:235
198:257
63:273
64:274
60#13:247
60:248
60:249
60:250
60:259
60:260
60:261
60:262
22#14:268
23:271
25:272
5#15:269
6:270
8#16:293
9:294
10:295
*E


  // access flags 0x9
