// class version 55.0 (55)
// access flags 0x30
final class com/dylibso/chicory/$gen/CompiledMachineFuncGroup_0 {

  // compiled from: com/dylibso/chicory/$gen/CompiledMachineFuncGroup_0
  // debug info: SMAP
com/dylibso/chicory/$gen/CompiledMachineFuncGroup_0.java
Rust
*S Rust
*F
+ 0 any.rs
library/core/src/any.rs
+ 1 mod.rs
library/core/src/intrinsics/mod.rs
+ 2 layout.rs
library/core/src/alloc/layout.rs
+ 3 mod.rs
library/core/src/fmt/mod.rs
+ 4 raw_vec.rs
library/alloc/src/raw_vec.rs
+ 5 mod.rs
library/core/src/ptr/mod.rs
+ 6 alloc.rs
library/alloc/src/alloc.rs
+ 7 panic.rs
library/core/src/panic.rs
+ 8 methods.rs
library/core/src/char/methods.rs
+ 9 string.rs
library/alloc/src/string.rs
+ 10 mod.rs
library/alloc/src/vec/mod.rs
+ 11 uint_macros.rs
library/core/src/num/uint_macros.rs
+ 12 mut_ptr.rs
library/core/src/ptr/mut_ptr.rs
+ 13 result.rs
library/core/src/result.rs
+ 14 dlmalloc.rs
rust/deps/dlmalloc-0.2.7/src/dlmalloc.rs
+ 15 backtrace.rs
library/std/src/sys/backtrace.rs
+ 16 hint.rs
library/core/src/hint.rs
+ 17 panic_info.rs
library/core/src/panic/panic_info.rs
+ 18 alloc.rs
library/std/src/alloc.rs
+ 19 lib.rs
rust/deps/dlmalloc-0.2.7/src/lib.rs
+ 20 atomic.rs
library/core/src/sync/atomic.rs
+ 21 panicking.rs
library/std/src/panicking.rs
+ 22 cell.rs
library/core/src/cell.rs
+ 23 option.rs
library/core/src/option.rs
+ 24 boxed.rs
library/alloc/src/boxed.rs
+ 25 no_threads.rs
library/std/src/sys/sync/rwlock/no_threads.rs
+ 26 panic.rs
library/std/src/panic.rs
+ 27 common.rs
library/std/src/sys/pal/wasm/../unsupported/common.rs
+ 28 lib.rs
library/panic_abort/src/lib.rs
+ 29 wasm.rs
src/wasm.rs
+ 30 memory.rs
rustc/05f9846f893b09a1be1fc8560e33fc3c815cfecb/library/core/src/../../stdarch/crates/core_arch/src/wasm32/memory.rs
+ 31 cmp.rs
library/core/src/cmp.rs
+ 32 mod.rs
library/core/src/macros/mod.rs
+ 33 panicking.rs
library/core/src/panicking.rs
+ 34 num.rs
library/core/src/fmt/num.rs
+ 35 count.rs
library/core/src/str/count.rs
+ 36 validations.rs
library/core/src/str/validations.rs
+ 37 const_ptr.rs
library/core/src/ptr/const_ptr.rs
+ 38 maybe_uninit.rs
library/core/src/mem/maybe_uninit.rs
+ 39 builders.rs
library/core/src/fmt/builders.rs
+ 40 iter.rs
library/core/src/str/iter.rs
+ 41 index.rs
library/core/src/slice/index.rs
+ 42 mod.rs
library/core/src/slice/mod.rs
+ 43 alignment.rs
library/core/src/ptr/alignment.rs
+ 44 impls.rs
src/mem/impls.rs
+ 45 uint_macros.rs
rustc/05f9846f893b09a1be1fc8560e33fc3c815cfecb/library/core/src/num/uint_macros.rs
+ 46 mut_ptr.rs
rustc/05f9846f893b09a1be1fc8560e33fc3c815cfecb/library/core/src/ptr/mut_ptr.rs
+ 47 mod.rs
rustc/05f9846f893b09a1be1fc8560e33fc3c815cfecb/library/core/src/intrinsics/mod.rs
*L
746:1
746:2
1520#1:3
4440:48
1520:295
3885:364
374#2:4
148:161
374:296
104:427
79:428
83:429
241#3:5
704:158
612:160
612:163
1920:208
1920:226
2651:235
1920:238
601:289
1696:313
1701:314
601:316
601:318
601:320
547:324
1604:326
2151:327
1602:328
2094:329
1605:330
2151:331
1610:332
1611:335
1610:336
612:357
612:359
2651:362
2746:363
601:367
601:369
2651:372
2651:373
241:379
1620:385
1620:386
1621:387
1624:389
1888:390
1888:391
2261:393
2262:394
1888:400
1888:402
2264:403
1888:406
1888:411
1541:414
1541:416
1541:418
1888:423
601:432
522#4:6
622:42
557:43
558:44
507:46
807:50
771:51
771:52
771:53
507:231
24:290
654:292
567:297
792:298
793:299
807:300
771:301
771:302
771:303
522#5:7
522:9
522:10
1751:57
1581:197
1581:200
1379:211
1581:212
1379:213
1751:214
1581:215
1751:216
1379:217
1751:240
1581:260
1581:274
1581:275
1751:307
1946:380
1947:381
115#6:8
115:11
213:54
187:55
188:56
95:58
135:59
95:218
348:219
350:220
95:242
348:243
350:244
213:304
187:305
188:306
95:308
135:309
402:311
189#7:12
1766#8:13
1767:15
1768:16
1814:17
1814:18
1811:19
1811:20
1813:21
1813:22
1813:23
1812:24
1812:25
1812:26
1815:27
1808:28
1808:29
1806:30
1806:31
1807:32
1807:33
1807:34
1809:35
1803:36
1803:37
1802:38
1802:39
1421#9:14
446:206
446:224
1271#10:40
2680:45
2569:49
1574:232
2021#11:41
135:67
135:99
497:291
2021:338
658:376
1056#12:47
1056:64
1056:74
1167:85
1056:87
1056:104
1167:127
1167:134
1056:143
1056:148
1056:315
2000#13:60
2000:310
1351:347
1703:358
1703:360
2000:388
1351:404
2000:407
1351:410
2000:412
2000:422
1351:424
206#14:61
1101:62
1124:63
974:65
976:66
980:68
980:69
980:70
980:71
1037:72
1036:73
1089:75
1089:76
1089:77
1040:78
1041:79
1042:80
1043:81
1044:82
1093:83
1074:84
1716:86
1207:88
1744:89
1210:90
1222:91
262:92
317:93
384:94
87:95
322:96
976:97
973:98
980:100
980:101
980:102
980:103
890:105
891:106
100:107
894:108
1716:109
899:110
899:111
902:112
906:113
907:114
906:115
907:116
908:117
917:118
911:119
592:120
595:121
595:122
239:123
599:124
600:125
601:126
605:128
605:129
1716:130
612:131
612:132
612:133
613:135
619:136
620:137
1744:138
623:139
1748:140
1748:141
1748:142
1750:144
1748:145
1748:146
1748:147
1750:149
630:150
623:151
624:152
625:153
624:154
1716:171
1744:172
247:173
1191:174
1191:175
1193:176
1193:177
1191:180
1197:181
1716:183
1744:184
247:185
1191:186
1191:187
167#15:155
476#16:156
171#17:157
61:202
179:207
179:225
179:234
179:236
179:237
39:322
39:365
353#18:159
354:162
354:164
364:165
402:168
409:179
373:281
374:282
118#19:166
121:167
119:169
144:170
145:178
165:182
118:188
121:189
118:190
119:191
3763#20:192
3731:280
425#21:193
432:195
435:199
438:201
694:203
694:204
641:209
653:222
641:227
657:229
662:230
663:233
667:239
674:241
675:246
679:247
682:248
683:249
688:250
688:251
798:252
801:253
801:254
802:255
807:256
821:261
821:262
838:263
838:265
838:267
838:269
838:271
847:276
855:277
891:278
543#22:194
543:196
543:198
543:257
543:272
1694#23:205
1695:210
1694:223
1695:228
1613:415
1613:417
273#24:221
273:245
1989:268
1989:270
19#25:258
20:259
56:273
56#26:264
56:266
27#27:279
27:283
99#28:284
20#29:285
22:287
22:288
55#30:286
1002#31:293
1001:294
537#32:312
144#33:317
144:319
177:321
74:323
116:366
217:368
217:370
177:433
246#34:325
210:348
268:349
278:350
277:351
279:352
280:353
279:355
210:361
147:371
147:425
147:430
147:431
27#35:333
34:334
67:384
165#36:337
222:339
224:340
233:342
232:343
234:344
238:345
224:346
966#37:341
510#38:354
510:356
31#39:374
48:378
98:392
244:395
244:396
244:397
253:398
246:399
246:401
342:405
354:408
329:409
15:413
329:419
349:420
329:421
678#40:375
89#41:377
3931#42:382
2015:383
57#43:426
116#44:434
119:436
48:438
48:439
269:440
272:443
245:445
245:446
2021#45:435
2021:442
532#46:437
532:444
1497#47:441
*E


  // access flags 0x9
