com.dylibso.chicory.testing.Test3MachineAotMethods.callHostFunction
com.dylibso.chicory.testing.Test3MachineFuncGroup_0.func_0
com.dylibso.chicory.testing.Test3MachineFuncGroup_0.func_1
com.dylibso.chicory.testing.Test3MachineFuncGroup_0.call_1
com.dylibso.chicory.testing.Test3MachineMachineCall.call
com.dylibso.chicory.testing.Test3Machine.call
com.dylibso.chicory.runtime.AotInterpreterMachine.CALL
com.dylibso.chicory.runtime.InterpreterMachine.eval
com.dylibso.chicory.runtime.InterpreterMachine.call
com.dylibso.chicory.runtime.AotInterpreterMachine.call
com.dylibso.chicory.runtime.InterpreterMachine.call
com.dylibso.chicory.testing.Test3Machine.call
com.dylibso.chicory.testing.Test3MachineAotMethods.callIndirect
com.dylibso.chicory.testing.Test3MachineFuncGroup_0.func_2
com.dylibso.chicory.testing.Test3MachineFuncGroup_0.func_3
com.dylibso.chicory.testing.Test3MachineFuncGroup_0.call_3
com.dylibso.chicory.testing.Test3MachineMachineCall.call
com.dylibso.chicory.testing.Test3Machine.call
com.dylibso.chicory.runtime.Instance$Exports.lambda$function$0