com.dylibso.chicory.testing.MethodTooLargeTest.lambda$testBigFunc$0
com.dylibso.chicory.$gen.CompiledMachine$AotMethods.callHostFunction
com.dylibso.chicory.$gen.CompiledMachineFuncGroup_0.func_0
com.dylibso.chicory.$gen.CompiledMachineFuncGroup_0.func_1
com.dylibso.chicory.$gen.CompiledMachineFuncGroup_0.call_1
com.dylibso.chicory.$gen.CompiledMachine$MachineCall.call
com.dylibso.chicory.$gen.CompiledMachine.call
com.dylibso.chicory.runtime.AotInterpreterMachine.CALL
com.dylibso.chicory.runtime.InterpreterMachine.eval
com.dylibso.chicory.runtime.InterpreterMachine.call
com.dylibso.chicory.runtime.InterpreterMachine.call
com.dylibso.chicory.$gen.CompiledMachine.call
com.dylibso.chicory.$gen.CompiledMachine$AotMethods.callIndirect
com.dylibso.chicory.$gen.CompiledMachineFuncGroup_0.func_2
com.dylibso.chicory.$gen.CompiledMachineFuncGroup_0.func_3
com.dylibso.chicory.$gen.CompiledMachineFuncGroup_0.call_3
com.dylibso.chicory.$gen.CompiledMachine$MachineCall.call
com.dylibso.chicory.$gen.CompiledMachine.call
com.dylibso.chicory.runtime.Instance$Exports.lambda$function$0
com.dylibso.chicory.testing.MethodTooLargeTest.testBigFunc