private final Lcom/dylibso/chicory/runtime/Instance; instance

  private final Lcom/dylibso/chicory/runtime/internal/CompilerInterpreterMachine; compilerInterpreterMachine
}

final class com/dylibso/chicory/$gen/CompiledMachineFuncGroup_0 {

  public static func_2(ILcom/dylibso/chicory/runtime/Memory;Lcom/dylibso/chicory/runtime/Instance;)I
    ICONST_1
    NEWARRAY T_LONG
    DUP
    ICONST_0
    ILOAD 0
    I2L
    LASTORE
    ICONST_2
    ALOAD 2
    INVOKESTATIC com/dylibso/chicory/$gen/CompiledMachineAotMethods.callIndirect ([JILcom/dylibso/chicory/runtime/Instance;)[J
    ICONST_0
    LALOAD
    L2I
    IRETURN
}

}
