public final class com/dylibso/chicory/$gen/CompiledMachine implements com/dylibso/chicory/runtime/Machine {

  private final Lcom/dylibso/chicory/runtime/Instance; instance

  public <init>(Lcom/dylibso/chicory/runtime/Instance;)V
    ALOAD 0
    INVOKESPECIAL java/lang/Object.<init> ()V
    ALOAD 0
    ALOAD 1
    PUTFIELD com/dylibso/chicory/$gen/CompiledMachine.instance : Lcom/dylibso/chicory/runtime/Instance;
    RETURN

  public call(I[J)[J
    TRYCATCHBLOCK L0 L1 L1 java/lang/StackOverflowError
   L0
    ALOAD 0
    GETFIELD com/dylibso/chicory/$gen/CompiledMachine.instance : Lcom/dylibso/chicory/runtime/Instance;
    DUP
    INVOKEVIRTUAL com/dylibso/chicory/runtime/Instance.memory ()Lcom/dylibso/chicory/runtime/Memory;
    ILOAD 1
    ALOAD 2
    INVOKESTATIC com/dylibso/chicory/$gen/CompiledMachineMachineCall.call (Lcom/dylibso/chicory/runtime/Instance;Lcom/dylibso/chicory/runtime/Memory;I[J)[J
    ARETURN
   L1
    INVOKESTATIC com/dylibso/chicory/$gen/CompiledMachineShaded.throwCallStackExhausted (Ljava/lang/StackOverflowError;)Ljava/lang/RuntimeException;
    ATHROW

  public static call_indirect_0(IIILcom/dylibso/chicory/runtime/Memory;Lcom/dylibso/chicory/runtime/Instance;)I
    INVOKESTATIC com/dylibso/chicory/$gen/CompiledMachineShaded.checkInterruption ()V
    ALOAD 4
    ILOAD 2
    INVOKEVIRTUAL com/dylibso/chicory/runtime/Instance.table (I)Lcom/dylibso/chicory/runtime/TableInstance;
    ASTORE 5
    ALOAD 5
    ILOAD 1
    INVOKEVIRTUAL com/dylibso/chicory/runtime/TableInstance.requiredRef (I)I
    ISTORE 6
    ALOAD 5
    ILOAD 1
    INVOKEVIRTUAL com/dylibso/chicory/runtime/TableInstance.instance (I)Lcom/dylibso/chicory/runtime/Instance;
    ASTORE 7
    ALOAD 7
    IFNULL L0
    ALOAD 7
    ALOAD 4
    IF_ACMPNE L1
   L0
    ILOAD 0
    ALOAD 3
    ALOAD 4
    ILOAD 6
    LOOKUPSWITCH
      0: L2
      default: L3
   L2
    INVOKESTATIC com/dylibso/chicory/$gen/CompiledMachineFuncGroup_0.func_0 (ILcom/dylibso/chicory/runtime/Memory;Lcom/dylibso/chicory/runtime/Instance;)I
    IRETURN
   L3
    INVOKESTATIC com/dylibso/chicory/$gen/CompiledMachineShaded.throwIndirectCallTypeMismatch ()Ljava/lang/RuntimeException;
    ATHROW
   L1
    ICONST_1
    NEWARRAY T_LONG
    DUP
    ICONST_0
    ILOAD 0
    I2L
    LASTORE
    ICONST_0
    ILOAD 6
    ALOAD 7
    INVOKESTATIC com/dylibso/chicory/$gen/CompiledMachineShaded.callIndirect ([JIILcom/dylibso/chicory/runtime/Instance;)[J
    ICONST_0
    LALOAD
    L2I
    IRETURN
}

final class com/dylibso/chicory/$gen/CompiledMachineFuncGroup_0 {

  public static func_0(ILcom/dylibso/chicory/runtime/Memory;Lcom/dylibso/chicory/runtime/Instance;)I
    ILOAD 0
    BIPUSH 10
    IADD
    ICONST_1
    ISUB
    BIPUSH 6
    IMUL
    ICONST_2
    INVOKESTATIC com/dylibso/chicory/runtime/OpcodeImpl.I32_DIV_S (II)I
    BIPUSH 40
    IAND
    BIPUSH 33
    IOR
    BIPUSH 22
    IXOR
    ICONST_2
    ISHL
    ICONST_3
    ISHR
    ICONST_4
    INVOKESTATIC com/dylibso/chicory/runtime/OpcodeImpl.I32_ROTL (II)I
    BIPUSH 6
    INVOKESTATIC com/dylibso/chicory/runtime/OpcodeImpl.I32_ROTR (II)I
    INVOKESTATIC com/dylibso/chicory/runtime/OpcodeImpl.I32_EXTEND_8_S (I)I
    IRETURN

  public static call_0(Lcom/dylibso/chicory/runtime/Instance;Lcom/dylibso/chicory/runtime/Memory;[J)[J
    ALOAD 2
    ICONST_0
    LALOAD
    L2I
    ALOAD 1
    ALOAD 0
    INVOKESTATIC com/dylibso/chicory/$gen/CompiledMachineFuncGroup_0.func_0 (ILcom/dylibso/chicory/runtime/Memory;Lcom/dylibso/chicory/runtime/Instance;)I
    I2L
    LSTORE 3
    ICONST_1
    NEWARRAY T_LONG
    DUP
    ICONST_0
    LLOAD 3
    LASTORE
    ARETURN
}

final class com/dylibso/chicory/$gen/CompiledMachineMachineCall {

  public <init>()V
    ALOAD 0
    INVOKESPECIAL java/lang/Object.<init> ()V
    RETURN

  public static call(Lcom/dylibso/chicory/runtime/Instance;Lcom/dylibso/chicory/runtime/Memory;I[J)[J
    ALOAD 0
    ALOAD 1
    ALOAD 3
    ILOAD 2
    TABLESWITCH
      0: L0
      default: L1
   L0
    INVOKESTATIC com/dylibso/chicory/$gen/CompiledMachineFuncGroup_0.call_0 (Lcom/dylibso/chicory/runtime/Instance;Lcom/dylibso/chicory/runtime/Memory;[J)[J
    ARETURN
   L1
    ILOAD 2
    INVOKESTATIC com/dylibso/chicory/$gen/CompiledMachineShaded.throwUnknownFunction (I)Ljava/lang/RuntimeException;
    ATHROW
}
