public final class com/dylibso/chicory/$gen/CompiledMachine implements com/dylibso/chicory/runtime/Machine {

  private final Lcom/dylibso/chicory/runtime/Instance; instance

  public <init>(Lcom/dylibso/chicory/runtime/Instance;)V
    ALOAD 0
    INVOKESPECIAL java/lang/Object.<init> ()V
    ALOAD 0
    ALOAD 1
    PUTFIELD com/dylibso/chicory/$gen/CompiledMachine.instance : Lcom/dylibso/chicory/runtime/Instance;
    RETURN

  public call(I[J)[J
    TRYCATCHBLOCK L0 L1 L1 java/lang/StackOverflowError
   L0
    ALOAD 0
    GETFIELD com/dylibso/chicory/$gen/CompiledMachine.instance : Lcom/dylibso/chicory/runtime/Instance;
    DUP
    INVOKEVIRTUAL com/dylibso/chicory/runtime/Instance.memory ()Lcom/dylibso/chicory/runtime/Memory;
    ILOAD 1
    ALOAD 2
    INVOKESTATIC com/dylibso/chicory/$gen/CompiledMachineMachineCall.call (Lcom/dylibso/chicory/runtime/Instance;Lcom/dylibso/chicory/runtime/Memory;I[J)[J
    ARETURN
   L1
    INVOKESTATIC com/dylibso/chicory/$gen/CompiledMachineShaded.throwCallStackExhausted (Ljava/lang/StackOverflowError;)Ljava/lang/RuntimeException;
    ATHROW

  public static call_indirect_0(IIILcom/dylibso/chicory/runtime/Memory;Lcom/dylibso/chicory/runtime/Instance;)I
    INVOKESTATIC com/dylibso/chicory/$gen/CompiledMachineShaded.checkInterruption ()V
    ALOAD 4
    ILOAD 2
    INVOKEVIRTUAL com/dylibso/chicory/runtime/Instance.table (I)Lcom/dylibso/chicory/runtime/TableInstance;
    ASTORE 5
    ALOAD 5
    ILOAD 1
    INVOKEVIRTUAL com/dylibso/chicory/runtime/TableInstance.requiredRef (I)I
    ISTORE 6
    ALOAD 5
    ILOAD 1
    INVOKEVIRTUAL com/dylibso/chicory/runtime/TableInstance.instance (I)Lcom/dylibso/chicory/runtime/Instance;
    ASTORE 7
    ALOAD 7
    IFNULL L0
    ALOAD 7
    ALOAD 4
    IF_ACMPNE L1
   L0
    ILOAD 0
    ALOAD 3
    ALOAD 4
    ILOAD 6
    LOOKUPSWITCH
      0: L2
      default: L3
   L2
    INVOKESTATIC com/dylibso/chicory/$gen/CompiledMachineFuncGroup_0.func_0 (ILcom/dylibso/chicory/runtime/Memory;Lcom/dylibso/chicory/runtime/Instance;)I
    IRETURN
   L3
    INVOKESTATIC com/dylibso/chicory/$gen/CompiledMachineShaded.throwIndirectCallTypeMismatch ()Ljava/lang/RuntimeException;
    ATHROW
   L1
    ICONST_1
    NEWARRAY T_LONG
    DUP
    ICONST_0
    ILOAD 0
    I2L
    LASTORE
    ICONST_0
    ILOAD 6
    ALOAD 7
    INVOKESTATIC com/dylibso/chicory/$gen/CompiledMachineShaded.callIndirect ([JIILcom/dylibso/chicory/runtime/Instance;)[J
    ICONST_0
    LALOAD
    L2I
    IRETURN

  public static call_indirect_1(JIILcom/dylibso/chicory/runtime/Memory;Lcom/dylibso/chicory/runtime/Instance;)J
    INVOKESTATIC com/dylibso/chicory/$gen/CompiledMachineShaded.checkInterruption ()V
    ALOAD 5
    ILOAD 3
    INVOKEVIRTUAL com/dylibso/chicory/runtime/Instance.table (I)Lcom/dylibso/chicory/runtime/TableInstance;
    ASTORE 6
    ALOAD 6
    ILOAD 2
    INVOKEVIRTUAL com/dylibso/chicory/runtime/TableInstance.requiredRef (I)I
    ISTORE 7
    ALOAD 6
    ILOAD 2
    INVOKEVIRTUAL com/dylibso/chicory/runtime/TableInstance.instance (I)Lcom/dylibso/chicory/runtime/Instance;
    ASTORE 8
    ALOAD 8
    IFNULL L0
    ALOAD 8
    ALOAD 5
    IF_ACMPNE L1
   L0
    LLOAD 0
    ALOAD 4
    ALOAD 5
    ILOAD 7
    LOOKUPSWITCH
      1: L2
      default: L3
   L2
    INVOKESTATIC com/dylibso/chicory/$gen/CompiledMachineFuncGroup_0.func_1 (JLcom/dylibso/chicory/runtime/Memory;Lcom/dylibso/chicory/runtime/Instance;)J
    LRETURN
   L3
    INVOKESTATIC com/dylibso/chicory/$gen/CompiledMachineShaded.throwIndirectCallTypeMismatch ()Ljava/lang/RuntimeException;
    ATHROW
   L1
    ICONST_1
    NEWARRAY T_LONG
    DUP
    ICONST_0
    LLOAD 0
    LASTORE
    ICONST_1
    ILOAD 7
    ALOAD 8
    INVOKESTATIC com/dylibso/chicory/$gen/CompiledMachineShaded.callIndirect ([JIILcom/dylibso/chicory/runtime/Instance;)[J
    ICONST_0
    LALOAD
    LRETURN
}

final class com/dylibso/chicory/$gen/CompiledMachineFuncGroup_0 {

  public static func_0(ILcom/dylibso/chicory/runtime/Memory;Lcom/dylibso/chicory/runtime/Instance;)I
    ICONST_0
    ILOAD 0
    ICONST_0
    ALOAD 1
    INVOKESTATIC com/dylibso/chicory/$gen/CompiledMachineShaded.memoryWriteInt (IIILcom/dylibso/chicory/runtime/Memory;)V
    ICONST_0
    ICONST_0
    ALOAD 1
    INVOKESTATIC com/dylibso/chicory/$gen/CompiledMachineShaded.memoryReadInt (IILcom/dylibso/chicory/runtime/Memory;)I
    IRETURN
   L0
    ATHROW

  public static call_0(Lcom/dylibso/chicory/runtime/Instance;Lcom/dylibso/chicory/runtime/Memory;[J)[J
    ALOAD 2
    ICONST_0
    LALOAD
    L2I
    ALOAD 1
    ALOAD 0
    INVOKESTATIC com/dylibso/chicory/$gen/CompiledMachineFuncGroup_0.func_0 (ILcom/dylibso/chicory/runtime/Memory;Lcom/dylibso/chicory/runtime/Instance;)I
    I2L
    LSTORE 3
    ICONST_1
    NEWARRAY T_LONG
    DUP
    ICONST_0
    LLOAD 3
    LASTORE
    ARETURN

  public static func_1(JLcom/dylibso/chicory/runtime/Memory;Lcom/dylibso/chicory/runtime/Instance;)J
    ICONST_0
    LLOAD 0
    ICONST_0
    ALOAD 2
    INVOKESTATIC com/dylibso/chicory/$gen/CompiledMachineShaded.memoryWriteLong (IJILcom/dylibso/chicory/runtime/Memory;)V
    ICONST_0
    ICONST_0
    ALOAD 2
    INVOKESTATIC com/dylibso/chicory/$gen/CompiledMachineShaded.memoryReadLong (IILcom/dylibso/chicory/runtime/Memory;)J
    LRETURN
   L0
    ATHROW

  public static call_1(Lcom/dylibso/chicory/runtime/Instance;Lcom/dylibso/chicory/runtime/Memory;[J)[J
    ALOAD 2
    ICONST_0
    LALOAD
    ALOAD 1
    ALOAD 0
    INVOKESTATIC com/dylibso/chicory/$gen/CompiledMachineFuncGroup_0.func_1 (JLcom/dylibso/chicory/runtime/Memory;Lcom/dylibso/chicory/runtime/Instance;)J
    LSTORE 3
    ICONST_1
    NEWARRAY T_LONG
    DUP
    ICONST_0
    LLOAD 3
    LASTORE
    ARETURN
}

final class com/dylibso/chicory/$gen/CompiledMachineMachineCall {

  public <init>()V
    ALOAD 0
    INVOKESPECIAL java/lang/Object.<init> ()V
    RETURN

  public static call(Lcom/dylibso/chicory/runtime/Instance;Lcom/dylibso/chicory/runtime/Memory;I[J)[J
    ALOAD 0
    ALOAD 1
    ALOAD 3
    ILOAD 2
    TABLESWITCH
      0: L0
      1: L1
      default: L2
   L0
    INVOKESTATIC com/dylibso/chicory/$gen/CompiledMachineFuncGroup_0.call_0 (Lcom/dylibso/chicory/runtime/Instance;Lcom/dylibso/chicory/runtime/Memory;[J)[J
    ARETURN
   L1
    INVOKESTATIC com/dylibso/chicory/$gen/CompiledMachineFuncGroup_0.call_1 (Lcom/dylibso/chicory/runtime/Instance;Lcom/dylibso/chicory/runtime/Memory;[J)[J
    ARETURN
   L2
    ILOAD 2
    INVOKESTATIC com/dylibso/chicory/$gen/CompiledMachineShaded.throwUnknownFunction (I)Ljava/lang/RuntimeException;
    ATHROW
}
