// class version 55.0 (55)
// access flags 0x11
public final class com/dylibso/chicory/$gen/CompiledModule {

  // compiled from: wasm
  // debug info: wasm

  // access flags 0x2
  private <init>()V
    ALOAD 0
    INVOKESPECIAL java/lang/Object.<init> ()V
    RETURN
    MAXSTACK = 1
    MAXLOCALS = 1

  // access flags 0x9
  public static func_0(IIIILcom/dylibso/chicory/runtime/Memory;Lcom/dylibso/chicory/runtime/Instance;)I
    ALOAD 5
    ICONST_0
    ICONST_4
    ANEWARRAY com/dylibso/chicory/wasm/types/Value
    DUP
    ICONST_0
    ILOAD 0
    INVOKESTATIC com/dylibso/chicory/wasm/types/Value.i32 (I)Lcom/dylibso/chicory/wasm/types/Value;
    AASTORE
    DUP
    ICONST_1
    ILOAD 1
    INVOKESTATIC com/dylibso/chicory/wasm/types/Value.i32 (I)Lcom/dylibso/chicory/wasm/types/Value;
    AASTORE
    DUP
    ICONST_2
    ILOAD 2
    INVOKESTATIC com/dylibso/chicory/wasm/types/Value.i32 (I)Lcom/dylibso/chicory/wasm/types/Value;
    AASTORE
    DUP
    ICONST_3
    ILOAD 3
    INVOKESTATIC com/dylibso/chicory/wasm/types/Value.i32 (I)Lcom/dylibso/chicory/wasm/types/Value;
    AASTORE
    INVOKEVIRTUAL com/dylibso/chicory/runtime/Instance.callHostFunction (I[Lcom/dylibso/chicory/wasm/types/Value;)[Lcom/dylibso/chicory/wasm/types/Value;
    ICONST_0
    AALOAD
    INVOKEVIRTUAL com/dylibso/chicory/wasm/types/Value.asInt ()I
    IRETURN
    MAXSTACK = 6
    MAXLOCALS = 6

  // access flags 0x9
  public static func_1(Lcom/dylibso/chicory/runtime/Memory;Lcom/dylibso/chicory/runtime/Instance;)V
    ICONST_0
    BIPUSH 8
    ICONST_0
    ALOAD 0
    INVOKESTATIC com/dylibso/chicory/aot/AotMethods.memoryWriteInt (IIILcom/dylibso/chicory/runtime/Memory;)V
    ICONST_4
    BIPUSH 12
    ICONST_0
    ALOAD 0
    INVOKESTATIC com/dylibso/chicory/aot/AotMethods.memoryWriteInt (IIILcom/dylibso/chicory/runtime/Memory;)V
    ICONST_1
    ICONST_0
    ICONST_1
    BIPUSH 20
    INVOKESTATIC com/dylibso/chicory/aot/AotMethods.checkInterruption ()V
    ALOAD 0
    ALOAD 1
    INVOKESTATIC com/dylibso/chicory/$gen/CompiledModule.func_0 (IIIILcom/dylibso/chicory/runtime/Memory;Lcom/dylibso/chicory/runtime/Instance;)I
    POP
    RETURN
    MAXSTACK = 6
    MAXLOCALS = 2

  // access flags 0x9
  public static call_indirect_0(IIIIIILcom/dylibso/chicory/runtime/Instance;)I
    ICONST_4
    ANEWARRAY com/dylibso/chicory/wasm/types/Value
    DUP
    ICONST_0
    ILOAD 0
    INVOKESTATIC com/dylibso/chicory/wasm/types/Value.i32 (I)Lcom/dylibso/chicory/wasm/types/Value;
    AASTORE
    DUP
    ICONST_1
    ILOAD 1
    INVOKESTATIC com/dylibso/chicory/wasm/types/Value.i32 (I)Lcom/dylibso/chicory/wasm/types/Value;
    AASTORE
    DUP
    ICONST_2
    ILOAD 2
    INVOKESTATIC com/dylibso/chicory/wasm/types/Value.i32 (I)Lcom/dylibso/chicory/wasm/types/Value;
    AASTORE
    DUP
    ICONST_3
    ILOAD 3
    INVOKESTATIC com/dylibso/chicory/wasm/types/Value.i32 (I)Lcom/dylibso/chicory/wasm/types/Value;
    AASTORE
    ICONST_0
    ILOAD 4
    ILOAD 5
    ALOAD 6
    INVOKESTATIC com/dylibso/chicory/aot/AotMethods.callIndirect ([Lcom/dylibso/chicory/wasm/types/Value;IIILcom/dylibso/chicory/runtime/Instance;)[Lcom/dylibso/chicory/wasm/types/Value;
    ICONST_0
    AALOAD
    INVOKEVIRTUAL com/dylibso/chicory/wasm/types/Value.asInt ()I
    IRETURN
    MAXSTACK = 5
    MAXLOCALS = 7

  // access flags 0x9
  public static call_indirect_1(IILcom/dylibso/chicory/runtime/Instance;)V
    ICONST_0
    ANEWARRAY com/dylibso/chicory/wasm/types/Value
    ICONST_1
    ILOAD 0
    ILOAD 1
    ALOAD 2
    INVOKESTATIC com/dylibso/chicory/aot/AotMethods.callIndirect ([Lcom/dylibso/chicory/wasm/types/Value;IIILcom/dylibso/chicory/runtime/Instance;)[Lcom/dylibso/chicory/wasm/types/Value;
    RETURN
    MAXSTACK = 5
    MAXLOCALS = 3
}
