// class version 55.0 (55)
// access flags 0x11
public final class com/dylibso/chicory/$gen/CompiledModule {

  // compiled from: wasm
  // debug info: wasm

  // access flags 0x2
  private <init>()V
    ALOAD 0
    INVOKESPECIAL java/lang/Object.<init> ()V
    RETURN
    MAXSTACK = 1
    MAXLOCALS = 1

  // access flags 0x9
  public static func_0(ILcom/dylibso/chicory/runtime/Memory;Lcom/dylibso/chicory/runtime/Instance;)I
    ICONST_0
    ISTORE 3
    ILOAD 0
    INVOKESTATIC com/dylibso/chicory/runtime/OpcodeImpl.I32_EQZ (I)I
    IFEQ L0
    GOTO L1
   L0
   FRAME APPEND [I]
    ILOAD 0
    ICONST_1
    INVOKESTATIC com/dylibso/chicory/runtime/OpcodeImpl.I32_EQ (II)I
    IFEQ L2
    GOTO L3
   L2
   FRAME SAME
    BIPUSH 7
    ISTORE 3
    GOTO L4
   L1
   FRAME SAME
    BIPUSH 42
    ISTORE 3
    GOTO L4
   L3
   FRAME SAME
    BIPUSH 99
    ISTORE 3
   L4
   FRAME SAME
    ILOAD 3
    IRETURN
    MAXSTACK = 2
    MAXLOCALS = 4

  // access flags 0x9
  public static call_indirect_0(IIILcom/dylibso/chicory/runtime/Instance;)I
    ICONST_1
    ANEWARRAY com/dylibso/chicory/wasm/types/Value
    DUP
    ICONST_0
    ILOAD 0
    INVOKESTATIC com/dylibso/chicory/wasm/types/Value.i32 (I)Lcom/dylibso/chicory/wasm/types/Value;
    AASTORE
    ICONST_0
    ILOAD 1
    ILOAD 2
    ALOAD 3
    INVOKESTATIC com/dylibso/chicory/aot/AotMethods.callIndirect ([Lcom/dylibso/chicory/wasm/types/Value;IIILcom/dylibso/chicory/runtime/Instance;)[Lcom/dylibso/chicory/wasm/types/Value;
    ICONST_0
    AALOAD
    INVOKEVIRTUAL com/dylibso/chicory/wasm/types/Value.asInt ()I
    IRETURN
    MAXSTACK = 5
    MAXLOCALS = 4
}
