public final class FOO implements com/dylibso/chicory/runtime/Machine {

  NESTMEMBER FOO$AotMethods

  private final Lcom/dylibso/chicory/runtime/Instance; instance

  public <init>(Lcom/dylibso/chicory/runtime/Instance;)V
    ALOAD 0
    INVOKESPECIAL java/lang/Object.<init> ()V
    ALOAD 0
    ALOAD 1
    PUTFIELD FOO.instance : Lcom/dylibso/chicory/runtime/Instance;
    RETURN

  public call(I[J)[J
    TRYCATCHBLOCK L0 L1 L1 java/lang/StackOverflowError
   L0
    ALOAD 0
    GETFIELD FOO.instance : Lcom/dylibso/chicory/runtime/Instance;
    DUP
    INVOKEVIRTUAL com/dylibso/chicory/runtime/Instance.memory ()Lcom/dylibso/chicory/runtime/Memory;
    ALOAD 2
    ILOAD 1
    TABLESWITCH
      0: L2
      default: L3
   L2
    INVOKESTATIC FOO.call_0 (Lcom/dylibso/chicory/runtime/Instance;Lcom/dylibso/chicory/runtime/Memory;[J)[J
    ARETURN
   L3
    ILOAD 1
    INVOKESTATIC FOO$AotMethods.throwUnknownFunction (I)Ljava/lang/RuntimeException;
    ATHROW
   L1
    INVOKESTATIC FOO$AotMethods.throwCallStackExhausted (Ljava/lang/StackOverflowError;)Ljava/lang/RuntimeException;
    ATHROW

  public static call_0(Lcom/dylibso/chicory/runtime/Instance;Lcom/dylibso/chicory/runtime/Memory;[J)[J
    ALOAD 1
    ALOAD 0
    INVOKESTATIC FOO.func_0 (Lcom/dylibso/chicory/runtime/Memory;Lcom/dylibso/chicory/runtime/Instance;)V
    ICONST_0
    NEWARRAY T_LONG
    ARETURN

  public static func_0(Lcom/dylibso/chicory/runtime/Memory;Lcom/dylibso/chicory/runtime/Instance;)V
    LDC -2147483648
    POP
    ICONST_0
    POP
    LDC 2147483647
    POP
    LDC -9223372036854775808L
    POP2
    LCONST_0
    POP2
    LDC 9223372036854775807L
    POP2
    LDC -2147483647
    POP
    LDC 2147483646
    POP
    LDC -9223372036854775807L
    POP2
    LDC 9223372036854775806L
    POP2
    ICONST_M1
    POP
    ICONST_1
    POP
    LDC -1L
    POP2
    LCONST_1
    POP2
    RETURN

  public static call_indirect_0(IILcom/dylibso/chicory/runtime/Memory;Lcom/dylibso/chicory/runtime/Instance;)V
    INVOKESTATIC FOO$AotMethods.checkInterruption ()V
    ALOAD 3
    ILOAD 1
    INVOKEVIRTUAL com/dylibso/chicory/runtime/Instance.table (I)Lcom/dylibso/chicory/runtime/TableInstance;
    ASTORE 4
    ALOAD 4
    ILOAD 0
    INVOKESTATIC FOO$AotMethods.tableRef (Lcom/dylibso/chicory/runtime/TableInstance;I)I
    ISTORE 5
    ALOAD 4
    ILOAD 0
    INVOKEVIRTUAL com/dylibso/chicory/runtime/TableInstance.instance (I)Lcom/dylibso/chicory/runtime/Instance;
    ASTORE 6
    ALOAD 6
    IFNULL L0
    ALOAD 6
    ALOAD 3
    IF_ACMPNE L1
   L0
    ALOAD 2
    ALOAD 3
    ILOAD 5
    LOOKUPSWITCH
      0: L2
      default: L3
   L2
    INVOKESTATIC FOO.func_0 (Lcom/dylibso/chicory/runtime/Memory;Lcom/dylibso/chicory/runtime/Instance;)V
    RETURN
   L3
    INVOKESTATIC FOO$AotMethods.throwIndirectCallTypeMismatch ()Ljava/lang/RuntimeException;
    ATHROW
   L1
    ICONST_0
    NEWARRAY T_LONG
    ICONST_0
    ILOAD 5
    ALOAD 6
    INVOKESTATIC FOO$AotMethods.callIndirect ([JIILcom/dylibso/chicory/runtime/Instance;)[J
    RETURN
}

private final class FOO$AotMethods {

  NESTHOST FOO
  public final static INNERCLASS java/lang/invoke/MethodHandles$Lookup java/lang/invoke/MethodHandles Lookup

  private <init>()V
   L0
    ALOAD 0
    INVOKESPECIAL java/lang/Object.<init> ()V
    RETURN
   L1

  public static callIndirect([JIILcom/dylibso/chicory/runtime/Instance;)[J
   L0
    ALOAD 3
    ILOAD 1
    INVOKEVIRTUAL com/dylibso/chicory/runtime/Instance.type (I)Lcom/dylibso/chicory/wasm/types/FunctionType;
    ASTORE 4
   L1
    ALOAD 3
    ALOAD 3
    ILOAD 2
    INVOKEVIRTUAL com/dylibso/chicory/runtime/Instance.functionType (I)I
    INVOKEVIRTUAL com/dylibso/chicory/runtime/Instance.type (I)Lcom/dylibso/chicory/wasm/types/FunctionType;
    ASTORE 5
   L2
    ALOAD 5
    ALOAD 4
    INVOKEVIRTUAL com/dylibso/chicory/wasm/types/FunctionType.typesMatch (Lcom/dylibso/chicory/wasm/types/FunctionType;)Z
    IFNE L3
   L4
    INVOKESTATIC FOO$AotMethods.throwIndirectCallTypeMismatch ()Ljava/lang/RuntimeException;
    ATHROW
   L3
    ALOAD 3
    INVOKEVIRTUAL com/dylibso/chicory/runtime/Instance.getMachine ()Lcom/dylibso/chicory/runtime/Machine;
    ILOAD 2
    ALOAD 0
    INVOKEINTERFACE com/dylibso/chicory/runtime/Machine.call (I[J)[J (itf)
    ARETURN
   L5

  public static callHostFunction(Lcom/dylibso/chicory/runtime/Instance;I[J)[J
   L0
    ALOAD 0
    INVOKEVIRTUAL com/dylibso/chicory/runtime/Instance.imports ()Lcom/dylibso/chicory/runtime/ImportValues;
    ILOAD 1
    INVOKEVIRTUAL com/dylibso/chicory/runtime/ImportValues.function (I)Lcom/dylibso/chicory/runtime/ImportFunction;
    ASTORE 3
   L1
    ALOAD 3
    INVOKEVIRTUAL com/dylibso/chicory/runtime/ImportFunction.handle ()Lcom/dylibso/chicory/runtime/WasmFunctionHandle;
    ALOAD 0
    ALOAD 2
    INVOKEINTERFACE com/dylibso/chicory/runtime/WasmFunctionHandle.apply (Lcom/dylibso/chicory/runtime/Instance;[J)[J (itf)
    ARETURN
   L2

  public static isRefNull(I)Z
   L0
    ILOAD 0
    ICONST_M1
    IF_ICMPNE L1
    ICONST_1
    GOTO L2
   L1
    ICONST_0
   L2
    IRETURN
   L3

  public static tableGet(IILcom/dylibso/chicory/runtime/Instance;)I
   L0
    ALOAD 2
    ILOAD 1
    ILOAD 0
    INVOKESTATIC com/dylibso/chicory/runtime/OpcodeImpl.TABLE_GET (Lcom/dylibso/chicory/runtime/Instance;II)I
    IRETURN
   L1

  public static tableSet(IIILcom/dylibso/chicory/runtime/Instance;)V
   L0
    ALOAD 3
    ILOAD 2
    INVOKEVIRTUAL com/dylibso/chicory/runtime/Instance.table (I)Lcom/dylibso/chicory/runtime/TableInstance;
    ILOAD 0
    ILOAD 1
    ALOAD 3
    INVOKEVIRTUAL com/dylibso/chicory/runtime/TableInstance.setRef (IILcom/dylibso/chicory/runtime/Instance;)V
   L1
    RETURN
   L2

  public static tableGrow(IIILcom/dylibso/chicory/runtime/Instance;)I
   L0
    ALOAD 3
    ILOAD 2
    INVOKEVIRTUAL com/dylibso/chicory/runtime/Instance.table (I)Lcom/dylibso/chicory/runtime/TableInstance;
    ILOAD 1
    ILOAD 0
    ALOAD 3
    INVOKEVIRTUAL com/dylibso/chicory/runtime/TableInstance.grow (IILcom/dylibso/chicory/runtime/Instance;)I
    IRETURN
   L1

  public static tableSize(ILcom/dylibso/chicory/runtime/Instance;)I
   L0
    ALOAD 1
    ILOAD 0
    INVOKEVIRTUAL com/dylibso/chicory/runtime/Instance.table (I)Lcom/dylibso/chicory/runtime/TableInstance;
    INVOKEVIRTUAL com/dylibso/chicory/runtime/TableInstance.size ()I
    IRETURN
   L1

  public static tableFill(IIIILcom/dylibso/chicory/runtime/Instance;)V
   L0
    ALOAD 4
    ILOAD 3
    ILOAD 2
    ILOAD 1
    ILOAD 0
    INVOKESTATIC com/dylibso/chicory/runtime/OpcodeImpl.TABLE_FILL (Lcom/dylibso/chicory/runtime/Instance;IIII)V
   L1
    RETURN
   L2

  public static tableCopy(IIIIILcom/dylibso/chicory/runtime/Instance;)V
   L0
    ALOAD 5
    ILOAD 4
    ILOAD 3
    ILOAD 2
    ILOAD 1
    ILOAD 0
    INVOKESTATIC com/dylibso/chicory/runtime/OpcodeImpl.TABLE_COPY (Lcom/dylibso/chicory/runtime/Instance;IIIII)V
   L1
    RETURN
   L2

  public static tableInit(IIIIILcom/dylibso/chicory/runtime/Instance;)V
   L0
    ALOAD 5
    ILOAD 4
    ILOAD 3
    ILOAD 2
    ILOAD 1
    ILOAD 0
    INVOKESTATIC com/dylibso/chicory/runtime/OpcodeImpl.TABLE_INIT (Lcom/dylibso/chicory/runtime/Instance;IIIII)V
   L1
    RETURN
   L2

  public static tableRef(Lcom/dylibso/chicory/runtime/TableInstance;I)I
   L0
    ALOAD 0
    ILOAD 1
    INVOKEVIRTUAL com/dylibso/chicory/runtime/TableInstance.ref (I)I
    ISTORE 2
   L1
    ILOAD 2
    ICONST_M1
    IF_ICMPNE L2
   L3
    NEW com/dylibso/chicory/wasm/exceptions/ChicoryException
    DUP
    ILOAD 1
    INVOKEDYNAMIC makeConcatWithConstants(I)Ljava/lang/String; [
      java/lang/invoke/StringConcatFactory.makeConcatWithConstants(Ljava/lang/invoke/MethodHandles$Lookup;Ljava/lang/String;Ljava/lang/invoke/MethodType;Ljava/lang/String;[Ljava/lang/Object;)Ljava/lang/invoke/CallSite;
      "uninitialized element \u0001"
    ]
    INVOKESPECIAL com/dylibso/chicory/wasm/exceptions/ChicoryException.<init> (Ljava/lang/String;)V
    ATHROW
   L2
    ILOAD 2
    IRETURN
   L4

  public static memoryCopy(IIILcom/dylibso/chicory/runtime/Memory;)V
   L0
    ALOAD 3
    ILOAD 0
    ILOAD 1
    ILOAD 2
    INVOKEVIRTUAL com/dylibso/chicory/runtime/Memory.copy (III)V
   L1
    RETURN
   L2

  public static memoryFill(IBILcom/dylibso/chicory/runtime/Memory;)V
   L0
    ILOAD 2
    ILOAD 0
    IADD
    ISTORE 4
   L1
    ALOAD 3
    ILOAD 1
    ILOAD 0
    ILOAD 4
    INVOKEVIRTUAL com/dylibso/chicory/runtime/Memory.fill (BII)V
   L2
    RETURN
   L3

  public static memoryInit(IIIILcom/dylibso/chicory/runtime/Memory;)V
   L0
    ALOAD 4
    ILOAD 3
    ILOAD 0
    ILOAD 1
    ILOAD 2
    INVOKEVIRTUAL com/dylibso/chicory/runtime/Memory.initPassiveSegment (IIII)V
   L1
    RETURN
   L2

  public static memoryReadByte(IILcom/dylibso/chicory/runtime/Memory;)B
   L0
    ILOAD 0
    INVOKESTATIC FOO$AotMethods.validateBase (I)V
   L1
    ALOAD 2
    ILOAD 0
    ILOAD 1
    IADD
    INVOKEVIRTUAL com/dylibso/chicory/runtime/Memory.read (I)B
    IRETURN
   L2

  public static memoryReadShort(IILcom/dylibso/chicory/runtime/Memory;)S
   L0
    ILOAD 0
    INVOKESTATIC FOO$AotMethods.validateBase (I)V
   L1
    ALOAD 2
    ILOAD 0
    ILOAD 1
    IADD
    INVOKEVIRTUAL com/dylibso/chicory/runtime/Memory.readShort (I)S
    IRETURN
   L2

  public static memoryReadInt(IILcom/dylibso/chicory/runtime/Memory;)I
   L0
    ILOAD 0
    INVOKESTATIC FOO$AotMethods.validateBase (I)V
   L1
    ALOAD 2
    ILOAD 0
    ILOAD 1
    IADD
    INVOKEVIRTUAL com/dylibso/chicory/runtime/Memory.readInt (I)I
    IRETURN
   L2

  public static memoryReadLong(IILcom/dylibso/chicory/runtime/Memory;)J
   L0
    ILOAD 0
    INVOKESTATIC FOO$AotMethods.validateBase (I)V
   L1
    ALOAD 2
    ILOAD 0
    ILOAD 1
    IADD
    INVOKEVIRTUAL com/dylibso/chicory/runtime/Memory.readLong (I)J
    LRETURN
   L2

  public static memoryReadFloat(IILcom/dylibso/chicory/runtime/Memory;)F
   L0
    ILOAD 0
    INVOKESTATIC FOO$AotMethods.validateBase (I)V
   L1
    ALOAD 2
    ILOAD 0
    ILOAD 1
    IADD
    INVOKEVIRTUAL com/dylibso/chicory/runtime/Memory.readFloat (I)F
    FRETURN
   L2

  public static memoryReadDouble(IILcom/dylibso/chicory/runtime/Memory;)D
   L0
    ILOAD 0
    INVOKESTATIC FOO$AotMethods.validateBase (I)V
   L1
    ALOAD 2
    ILOAD 0
    ILOAD 1
    IADD
    INVOKEVIRTUAL com/dylibso/chicory/runtime/Memory.readDouble (I)D
    DRETURN
   L2

  public static memoryWriteByte(IBILcom/dylibso/chicory/runtime/Memory;)V
   L0
    ILOAD 0
    INVOKESTATIC FOO$AotMethods.validateBase (I)V
   L1
    ALOAD 3
    ILOAD 0
    ILOAD 2
    IADD
    ILOAD 1
    INVOKEVIRTUAL com/dylibso/chicory/runtime/Memory.writeByte (IB)V
   L2
    RETURN
   L3

  public static memoryWriteShort(ISILcom/dylibso/chicory/runtime/Memory;)V
   L0
    ILOAD 0
    INVOKESTATIC FOO$AotMethods.validateBase (I)V
   L1
    ALOAD 3
    ILOAD 0
    ILOAD 2
    IADD
    ILOAD 1
    INVOKEVIRTUAL com/dylibso/chicory/runtime/Memory.writeShort (IS)V
   L2
    RETURN
   L3

  public static memoryWriteInt(IIILcom/dylibso/chicory/runtime/Memory;)V
   L0
    ILOAD 0
    INVOKESTATIC FOO$AotMethods.validateBase (I)V
   L1
    ALOAD 3
    ILOAD 0
    ILOAD 2
    IADD
    ILOAD 1
    INVOKEVIRTUAL com/dylibso/chicory/runtime/Memory.writeI32 (II)V
   L2
    RETURN
   L3

  public static memoryWriteLong(IJILcom/dylibso/chicory/runtime/Memory;)V
   L0
    ILOAD 0
    INVOKESTATIC FOO$AotMethods.validateBase (I)V
   L1
    ALOAD 4
    ILOAD 0
    ILOAD 3
    IADD
    LLOAD 1
    INVOKEVIRTUAL com/dylibso/chicory/runtime/Memory.writeLong (IJ)V
   L2
    RETURN
   L3

  public static memoryWriteFloat(IFILcom/dylibso/chicory/runtime/Memory;)V
   L0
    ILOAD 0
    INVOKESTATIC FOO$AotMethods.validateBase (I)V
   L1
    ALOAD 3
    ILOAD 0
    ILOAD 2
    IADD
    FLOAD 1
    INVOKEVIRTUAL com/dylibso/chicory/runtime/Memory.writeF32 (IF)V
   L2
    RETURN
   L3

  public static memoryWriteDouble(IDILcom/dylibso/chicory/runtime/Memory;)V
   L0
    ILOAD 0
    INVOKESTATIC FOO$AotMethods.validateBase (I)V
   L1
    ALOAD 4
    ILOAD 0
    ILOAD 3
    IADD
    DLOAD 1
    INVOKEVIRTUAL com/dylibso/chicory/runtime/Memory.writeF64 (ID)V
   L2
    RETURN
   L3

  public static validateBase(I)V
   L0
    ILOAD 0
    IFGE L1
   L2
    INVOKESTATIC FOO$AotMethods.throwOutOfBoundsMemoryAccess ()Ljava/lang/RuntimeException;
    POP
   L1
    RETURN
   L3

  public static throwCallStackExhausted(Ljava/lang/StackOverflowError;)Ljava/lang/RuntimeException;
   L0
    NEW com/dylibso/chicory/wasm/exceptions/ChicoryException
    DUP
    LDC "call stack exhausted"
    ALOAD 0
    INVOKESPECIAL com/dylibso/chicory/wasm/exceptions/ChicoryException.<init> (Ljava/lang/String;Ljava/lang/Throwable;)V
    ATHROW
   L1

  public static throwIndirectCallTypeMismatch()Ljava/lang/RuntimeException;
   L0
    NEW com/dylibso/chicory/wasm/exceptions/ChicoryException
    DUP
    LDC "indirect call type mismatch"
    INVOKESPECIAL com/dylibso/chicory/wasm/exceptions/ChicoryException.<init> (Ljava/lang/String;)V
    ARETURN

  public static throwOutOfBoundsMemoryAccess()Ljava/lang/RuntimeException;
   L0
    NEW com/dylibso/chicory/runtime/exceptions/WASMRuntimeException
    DUP
    LDC "out of bounds memory access"
    INVOKESPECIAL com/dylibso/chicory/runtime/exceptions/WASMRuntimeException.<init> (Ljava/lang/String;)V
    ATHROW

  public static throwTrapException()Ljava/lang/RuntimeException;
   L0
    NEW com/dylibso/chicory/runtime/TrapException
    DUP
    LDC "Trapped on unreachable instruction"
    INVOKESTATIC java/util/List.of ()Ljava/util/List; (itf)
    INVOKESPECIAL com/dylibso/chicory/runtime/TrapException.<init> (Ljava/lang/String;Ljava/util/Collection;)V
    ATHROW

  public static throwUnknownFunction(I)Ljava/lang/RuntimeException;
   L0
    NEW com/dylibso/chicory/wasm/exceptions/InvalidException
    DUP
    ILOAD 0
    INVOKEDYNAMIC makeConcatWithConstants(I)Ljava/lang/String; [
      java/lang/invoke/StringConcatFactory.makeConcatWithConstants(Ljava/lang/invoke/MethodHandles$Lookup;Ljava/lang/String;Ljava/lang/invoke/MethodType;Ljava/lang/String;[Ljava/lang/Object;)Ljava/lang/invoke/CallSite;
      "unknown function \u0001"
    ]
    INVOKESPECIAL com/dylibso/chicory/wasm/exceptions/InvalidException.<init> (Ljava/lang/String;)V
    ATHROW
   L1

  public static checkInterruption()V
   L0
    INVOKESTATIC java/lang/Thread.currentThread ()Ljava/lang/Thread;
    INVOKEVIRTUAL java/lang/Thread.isInterrupted ()Z
    IFEQ L1
   L2
    NEW com/dylibso/chicory/wasm/exceptions/ChicoryException
    DUP
    LDC "Thread interrupted"
    INVOKESPECIAL com/dylibso/chicory/wasm/exceptions/ChicoryException.<init> (Ljava/lang/String;)V
    ATHROW
   L1
    RETURN

  public static readGlobal(ILcom/dylibso/chicory/runtime/Instance;)J
   L0
    ALOAD 1
    ILOAD 0
    INVOKEVIRTUAL com/dylibso/chicory/runtime/Instance.global (I)Lcom/dylibso/chicory/runtime/GlobalInstance;
    INVOKEVIRTUAL com/dylibso/chicory/runtime/GlobalInstance.getValue ()J
    LRETURN
   L1

  public static writeGlobal(JILcom/dylibso/chicory/runtime/Instance;)V
   L0
    ALOAD 3
    ILOAD 2
    INVOKEVIRTUAL com/dylibso/chicory/runtime/Instance.global (I)Lcom/dylibso/chicory/runtime/GlobalInstance;
    LLOAD 0
    INVOKEVIRTUAL com/dylibso/chicory/runtime/GlobalInstance.setValue (J)V
   L1
    RETURN
   L2
}
