// class version 55.0 (55)
// access flags 0x11
public final class com/dylibso/chicory/$gen/CompiledModule {

  // compiled from: wasm
  // debug info: wasm

  // access flags 0x2
  private <init>()V
    ALOAD 0
    INVOKESPECIAL java/lang/Object.<init> ()V
    RETURN
    MAXSTACK = 1
    MAXLOCALS = 1

  // access flags 0x9
  public static func_0(ILcom/dylibso/chicory/runtime/Memory;Lcom/dylibso/chicory/runtime/Instance;)I
    ICONST_0
    ILOAD 0
    ICONST_0
    ALOAD 1
    INVOKESTATIC com/dylibso/chicory/aot/AotMethods.memoryWriteInt (IIILcom/dylibso/chicory/runtime/Memory;)V
    ICONST_0
    ICONST_0
    ALOAD 1
    INVOKESTATIC com/dylibso/chicory/aot/AotMethods.memoryReadInt (IILcom/dylibso/chicory/runtime/Memory;)I
    IRETURN
   L0
   FRAME FULL [] [java/lang/Throwable]
    ATHROW
    MAXSTACK = 4
    MAXLOCALS = 3

  // access flags 0x9
  public static func_1(JLcom/dylibso/chicory/runtime/Memory;Lcom/dylibso/chicory/runtime/Instance;)J
    ICONST_0
    LLOAD 0
    ICONST_0
    ALOAD 2
    INVOKESTATIC com/dylibso/chicory/aot/AotMethods.memoryWriteLong (IJILcom/dylibso/chicory/runtime/Memory;)V
    ICONST_0
    ICONST_0
    ALOAD 2
    INVOKESTATIC com/dylibso/chicory/aot/AotMethods.memoryReadLong (IILcom/dylibso/chicory/runtime/Memory;)J
    LRETURN
   L0
   FRAME FULL [] [java/lang/Throwable]
    ATHROW
    MAXSTACK = 5
    MAXLOCALS = 4

  // access flags 0x9
  public static call_indirect_0(IIILcom/dylibso/chicory/runtime/Instance;)I
    ICONST_1
    ANEWARRAY com/dylibso/chicory/wasm/types/Value
    DUP
    ICONST_0
    ILOAD 0
    INVOKESTATIC com/dylibso/chicory/wasm/types/Value.i32 (I)Lcom/dylibso/chicory/wasm/types/Value;
    AASTORE
    ICONST_0
    ILOAD 1
    ILOAD 2
    ALOAD 3
    INVOKESTATIC com/dylibso/chicory/aot/AotMethods.callIndirect ([Lcom/dylibso/chicory/wasm/types/Value;IIILcom/dylibso/chicory/runtime/Instance;)[Lcom/dylibso/chicory/wasm/types/Value;
    ICONST_0
    AALOAD
    INVOKEVIRTUAL com/dylibso/chicory/wasm/types/Value.asInt ()I
    IRETURN
    MAXSTACK = 5
    MAXLOCALS = 4

  // access flags 0x9
  public static call_indirect_1(JIILcom/dylibso/chicory/runtime/Instance;)J
    ICONST_1
    ANEWARRAY com/dylibso/chicory/wasm/types/Value
    DUP
    ICONST_0
    LLOAD 0
    INVOKESTATIC com/dylibso/chicory/wasm/types/Value.i64 (J)Lcom/dylibso/chicory/wasm/types/Value;
    AASTORE
    ICONST_1
    ILOAD 2
    ILOAD 3
    ALOAD 4
    INVOKESTATIC com/dylibso/chicory/aot/AotMethods.callIndirect ([Lcom/dylibso/chicory/wasm/types/Value;IIILcom/dylibso/chicory/runtime/Instance;)[Lcom/dylibso/chicory/wasm/types/Value;
    ICONST_0
    AALOAD
    INVOKEVIRTUAL com/dylibso/chicory/wasm/types/Value.asLong ()J
    LRETURN
    MAXSTACK = 5
    MAXLOCALS = 5
}
