// class version 55.0 (55)
// access flags 0x11
public final class com/dylibso/chicory/$gen/CompiledModule {

  // compiled from: wasm
  // debug info: wasm

  // access flags 0x2
  private <init>()V
    ALOAD 0
    INVOKESPECIAL java/lang/Object.<init> ()V
    RETURN
    MAXSTACK = 1
    MAXLOCALS = 1

  // access flags 0x9
  public static func_0(ILcom/dylibso/chicory/runtime/Memory;Lcom/dylibso/chicory/runtime/Instance;)I
    LDC 0
    ISTORE 3
    LDC 1
    ISTORE 3
    ILOAD 0
    INVOKESTATIC com/dylibso/chicory/runtime/OpcodeImpl.I32_EQZ (I)I
    IFEQ L0
    GOTO L1
   L0
   FRAME APPEND [I]
    ILOAD 3
    ILOAD 0
    IMUL
    ISTORE 3
    ILOAD 0
    LDC -1
    IADD
    DUP
    ISTORE 0
    INVOKESTATIC com/dylibso/chicory/runtime/OpcodeImpl.I32_EQZ (I)I
    IFEQ L2
    GOTO L1
   L2
   FRAME SAME
    INVOKESTATIC com/dylibso/chicory/aot/AotMethods.checkInterruption ()V
    GOTO L0
   L1
   FRAME SAME
    ILOAD 3
    IRETURN
    MAXSTACK = 2
    MAXLOCALS = 4

  // access flags 0x9
  public static call_indirect_0(IIILcom/dylibso/chicory/runtime/Instance;)I
    LDC 1
    ANEWARRAY com/dylibso/chicory/wasm/types/Value
    DUP
    LDC 0
    ILOAD 0
    INVOKESTATIC com/dylibso/chicory/wasm/types/Value.i32 (I)Lcom/dylibso/chicory/wasm/types/Value;
    AASTORE
    LDC 0
    ILOAD 1
    ILOAD 2
    ALOAD 3
    INVOKESTATIC com/dylibso/chicory/aot/AotMethods.callIndirect ([Lcom/dylibso/chicory/wasm/types/Value;IIILcom/dylibso/chicory/runtime/Instance;)[Lcom/dylibso/chicory/wasm/types/Value;
    LDC 0
    AALOAD
    INVOKEVIRTUAL com/dylibso/chicory/wasm/types/Value.asInt ()I
    IRETURN
    MAXSTACK = 5
    MAXLOCALS = 4
}
