// class version 55.0 (55)
// access flags 0x11
public final class com/dylibso/chicory/$gen/CompiledModule {

  // compiled from: wasm
  // debug info: wasm

  // access flags 0x2
  private <init>()V
    ALOAD 0
    INVOKESPECIAL java/lang/Object.<init> ()V
    RETURN
    MAXSTACK = 1
    MAXLOCALS = 1

  // access flags 0x9
  public static func_0(Lcom/dylibso/chicory/runtime/Memory;Lcom/dylibso/chicory/runtime/Instance;)V
    LDC -2147483648
    POP
    ICONST_0
    POP
    LDC 2147483647
    POP
    LDC -9223372036854775808
    POP2
    LCONST_0
    POP2
    LDC 9223372036854775807
    POP2
    LDC -2147483647
    POP
    LDC 2147483646
    POP
    LDC -9223372036854775807
    POP2
    LDC 9223372036854775806
    POP2
    ICONST_M1
    POP
    ICONST_1
    POP
    LDC -1
    POP2
    LCONST_1
    POP2
    RETURN
    MAXSTACK = 2
    MAXLOCALS = 2

  // access flags 0x9
  public static call_indirect_0(IILcom/dylibso/chicory/runtime/Instance;)V
    ICONST_0
    ANEWARRAY com/dylibso/chicory/wasm/types/Value
    ICONST_0
    ILOAD 0
    ILOAD 1
    ALOAD 2
    INVOKESTATIC com/dylibso/chicory/aot/AotMethods.callIndirect ([Lcom/dylibso/chicory/wasm/types/Value;IIILcom/dylibso/chicory/runtime/Instance;)[Lcom/dylibso/chicory/wasm/types/Value;
    RETURN
    MAXSTACK = 5
    MAXLOCALS = 3
}
