// class version 55.0 (55)
// access flags 0x11
public final class com/dylibso/chicory/$gen/CompiledModule {

  // compiled from: wasm
  // debug info: wasm

  // access flags 0x2
  private <init>()V
    ALOAD 0
    INVOKESPECIAL java/lang/Object.<init> ()V
    RETURN
    MAXSTACK = 1
    MAXLOCALS = 1

  // access flags 0x9
  public static func_0(Lcom/dylibso/chicory/runtime/Memory;Lcom/dylibso/chicory/runtime/Instance;)V
    INVOKESTATIC com/dylibso/chicory/aot/AotMethods.throwTrapException ()Ljava/lang/RuntimeException;
    ATHROW
   L0
   FRAME FULL [] [java/lang/Throwable]
    ATHROW
    MAXSTACK = 1
    MAXLOCALS = 2

  // access flags 0x9
  public static func_1(Lcom/dylibso/chicory/runtime/Memory;Lcom/dylibso/chicory/runtime/Instance;)V
    INVOKESTATIC com/dylibso/chicory/aot/AotMethods.checkInterruption ()V
    ALOAD 0
    ALOAD 1
    INVOKESTATIC com/dylibso/chicory/$gen/CompiledModule.func_0 (Lcom/dylibso/chicory/runtime/Memory;Lcom/dylibso/chicory/runtime/Instance;)V
    RETURN
    MAXSTACK = 2
    MAXLOCALS = 2

  // access flags 0x9
  public static func_2(Lcom/dylibso/chicory/runtime/Memory;Lcom/dylibso/chicory/runtime/Instance;)V
    INVOKESTATIC com/dylibso/chicory/aot/AotMethods.checkInterruption ()V
    ALOAD 0
    ALOAD 1
    INVOKESTATIC com/dylibso/chicory/$gen/CompiledModule.func_1 (Lcom/dylibso/chicory/runtime/Memory;Lcom/dylibso/chicory/runtime/Instance;)V
    RETURN
    MAXSTACK = 2
    MAXLOCALS = 2

  // access flags 0x9
  public static call_indirect_0(IILcom/dylibso/chicory/runtime/Instance;)V
    ICONST_0
    ANEWARRAY com/dylibso/chicory/wasm/types/Value
    ICONST_0
    ILOAD 0
    ILOAD 1
    ALOAD 2
    INVOKESTATIC com/dylibso/chicory/aot/AotMethods.callIndirect ([Lcom/dylibso/chicory/wasm/types/Value;IIILcom/dylibso/chicory/runtime/Instance;)[Lcom/dylibso/chicory/wasm/types/Value;
    RETURN
    MAXSTACK = 5
    MAXLOCALS = 3
}
