// class version 55.0 (55)
// access flags 0x11
public final class com/dylibso/chicory/$gen/CompiledModule {

  // compiled from: wasm
  // debug info: wasm

  // access flags 0x2
  private <init>()V
    ALOAD 0
    INVOKESPECIAL java/lang/Object.<init> ()V
    RETURN

  // access flags 0x9
  public static func_0(ILcom/dylibso/chicory/runtime/Memory;Lcom/dylibso/chicory/runtime/Instance;)I
    ICONST_0
    ISTORE 3
    ICONST_1
    ISTORE 3
    ILOAD 0
    INVOKESTATIC com/dylibso/chicory/runtime/OpcodeImpl.I32_EQZ (I)I
    IFEQ L0
    GOTO L1
   L0
    ILOAD 3
    ILOAD 0
    IMUL
    ISTORE 3
    ILOAD 0
    ICONST_M1
    IADD
    DUP
    ISTORE 0
    INVOKESTATIC com/dylibso/chicory/runtime/OpcodeImpl.I32_EQZ (I)I
    IFEQ L2
    GOTO L1
   L2
    INVOKESTATIC com/dylibso/chicory/aot/AotMethods.checkInterruption ()V
    GOTO L0
   L1
    ILOAD 3
    IRETURN

  // access flags 0x9
  public static call_indirect_0(IIILcom/dylibso/chicory/runtime/Instance;)I
    ICONST_1
    NEWARRAY T_LONG
    DUP
    ICONST_0
    ILOAD 0
    I2L
    LASTORE
    ICONST_0
    ILOAD 1
    ILOAD 2
    ALOAD 3
    INVOKESTATIC com/dylibso/chicory/aot/AotMethods.callIndirect ([JIIILcom/dylibso/chicory/runtime/Instance;)[J
    ICONST_0
    LALOAD
    L2I
    IRETURN
}
