// class version 55.0 (55)
// access flags 0x11
public final class com/dylibso/chicory/$gen/CompiledModule {

  // compiled from: wasm
  // debug info: wasm

  // access flags 0x2
  private <init>()V
    ALOAD 0
    INVOKESPECIAL java/lang/Object.<init> ()V
    RETURN
    MAXSTACK = 1
    MAXLOCALS = 1

  // access flags 0x9
  public static func_0(ILcom/dylibso/chicory/runtime/Memory;Lcom/dylibso/chicory/runtime/Instance;)V
    ALOAD 2
    ICONST_0
    ICONST_1
    ANEWARRAY com/dylibso/chicory/wasm/types/Value
    DUP
    ICONST_0
    ILOAD 0
    INVOKESTATIC com/dylibso/chicory/wasm/types/Value.i32 (I)Lcom/dylibso/chicory/wasm/types/Value;
    AASTORE
    INVOKEVIRTUAL com/dylibso/chicory/runtime/Instance.callHostFunction (I[Lcom/dylibso/chicory/wasm/types/Value;)[Lcom/dylibso/chicory/wasm/types/Value;
    RETURN
    MAXSTACK = 6
    MAXLOCALS = 3

  // access flags 0x9
  public static func_1(Lcom/dylibso/chicory/runtime/Memory;Lcom/dylibso/chicory/runtime/Instance;)V
    BIPUSH 42
    INVOKESTATIC com/dylibso/chicory/aot/AotMethods.checkInterruption ()V
    ALOAD 0
    ALOAD 1
    INVOKESTATIC com/dylibso/chicory/$gen/CompiledModule.func_0 (ILcom/dylibso/chicory/runtime/Memory;Lcom/dylibso/chicory/runtime/Instance;)V
    RETURN
    MAXSTACK = 3
    MAXLOCALS = 2

  // access flags 0x9
  public static call_indirect_0(IIILcom/dylibso/chicory/runtime/Instance;)V
    ICONST_1
    ANEWARRAY com/dylibso/chicory/wasm/types/Value
    DUP
    ICONST_0
    ILOAD 0
    INVOKESTATIC com/dylibso/chicory/wasm/types/Value.i32 (I)Lcom/dylibso/chicory/wasm/types/Value;
    AASTORE
    ICONST_0
    ILOAD 1
    ILOAD 2
    ALOAD 3
    INVOKESTATIC com/dylibso/chicory/aot/AotMethods.callIndirect ([Lcom/dylibso/chicory/wasm/types/Value;IIILcom/dylibso/chicory/runtime/Instance;)[Lcom/dylibso/chicory/wasm/types/Value;
    RETURN
    MAXSTACK = 5
    MAXLOCALS = 4

  // access flags 0x9
  public static call_indirect_1(IILcom/dylibso/chicory/runtime/Instance;)V
    ICONST_0
    ANEWARRAY com/dylibso/chicory/wasm/types/Value
    ICONST_1
    ILOAD 0
    ILOAD 1
    ALOAD 2
    INVOKESTATIC com/dylibso/chicory/aot/AotMethods.callIndirect ([Lcom/dylibso/chicory/wasm/types/Value;IIILcom/dylibso/chicory/runtime/Instance;)[Lcom/dylibso/chicory/wasm/types/Value;
    RETURN
    MAXSTACK = 5
    MAXLOCALS = 3
}
