public final class com/dylibso/chicory/$gen/CompiledModule {

  private <init>()V
    ALOAD 0
    INVOKESPECIAL java/lang/Object.<init> ()V
    RETURN

  public static func_0(Lcom/dylibso/chicory/runtime/Memory;Lcom/dylibso/chicory/runtime/Instance;)V
    LDC 0.12345678
    LDC 0.123456789012345
    POP2
    POP
    RETURN

  public static call_indirect_0(IILcom/dylibso/chicory/runtime/Memory;Lcom/dylibso/chicory/runtime/Instance;)V
    INVOKESTATIC com/dylibso/chicory/aot/runtime/AotMethods.checkInterruption ()V
    ALOAD 3
    ILOAD 1
    INVOKEVIRTUAL com/dylibso/chicory/runtime/Instance.table (I)Lcom/dylibso/chicory/runtime/TableInstance;
    ASTORE 4
    ALOAD 4
    ILOAD 0
    INVOKESTATIC com/dylibso/chicory/aot/runtime/AotMethods.tableRef (Lcom/dylibso/chicory/runtime/TableInstance;I)I
    ISTORE 5
    ALOAD 4
    ILOAD 0
    INVOKEVIRTUAL com/dylibso/chicory/runtime/TableInstance.instance (I)Lcom/dylibso/chicory/runtime/Instance;
    ASTORE 6
    ALOAD 6
    IFNULL L0
    ALOAD 6
    ALOAD 3
    IF_ACMPNE L1
   L0
    ALOAD 2
    ALOAD 3
    ILOAD 5
    LOOKUPSWITCH
      0: L2
      default: L3
   L2
    INVOKESTATIC com/dylibso/chicory/$gen/CompiledModule.func_0 (Lcom/dylibso/chicory/runtime/Memory;Lcom/dylibso/chicory/runtime/Instance;)V
    RETURN
   L3
    INVOKESTATIC com/dylibso/chicory/aot/runtime/AotMethods.throwIndirectCallTypeMismatch ()Ljava/lang/RuntimeException;
    ATHROW
   L1
    ICONST_0
    NEWARRAY T_LONG
    ICONST_0
    ILOAD 5
    ALOAD 6
    INVOKESTATIC com/dylibso/chicory/aot/runtime/AotMethods.callIndirect ([JIILcom/dylibso/chicory/runtime/Instance;)[J
    RETURN
}
