// class version 55.0 (55)
// access flags 0x11
public final class com/dylibso/chicory/$gen/CompiledModule {

  // compiled from: wasm
  // debug info: wasm

  // access flags 0x2
  private <init>()V
    ALOAD 0
    INVOKESPECIAL java/lang/Object.<init> ()V
    RETURN
    MAXSTACK = 1
    MAXLOCALS = 1

  // access flags 0x9
  public static func_0(ILcom/dylibso/chicory/runtime/Memory;Lcom/dylibso/chicory/runtime/Instance;)I
    ILOAD 0
    BIPUSH 10
    IADD
    ICONST_1
    ISUB
    BIPUSH 6
    IMUL
    ICONST_2
    INVOKESTATIC com/dylibso/chicory/runtime/OpcodeImpl.I32_DIV_S (II)I
    BIPUSH 40
    IAND
    BIPUSH 33
    IOR
    BIPUSH 22
    IXOR
    ICONST_2
    ISHL
    ICONST_3
    ISHR
    ICONST_4
    INVOKESTATIC com/dylibso/chicory/runtime/OpcodeImpl.I32_ROTL (II)I
    BIPUSH 6
    INVOKESTATIC com/dylibso/chicory/runtime/OpcodeImpl.I32_ROTR (II)I
    INVOKESTATIC com/dylibso/chicory/runtime/OpcodeImpl.I32_EXTEND_8_S (I)I
    IRETURN
    MAXSTACK = 2
    MAXLOCALS = 3

  // access flags 0x9
  public static call_indirect_0(IIILcom/dylibso/chicory/runtime/Instance;)I
    ICONST_1
    ANEWARRAY com/dylibso/chicory/wasm/types/Value
    DUP
    ICONST_0
    ILOAD 0
    INVOKESTATIC com/dylibso/chicory/wasm/types/Value.i32 (I)Lcom/dylibso/chicory/wasm/types/Value;
    AASTORE
    ICONST_0
    ILOAD 1
    ILOAD 2
    ALOAD 3
    INVOKESTATIC com/dylibso/chicory/aot/AotMethods.callIndirect ([Lcom/dylibso/chicory/wasm/types/Value;IIILcom/dylibso/chicory/runtime/Instance;)[Lcom/dylibso/chicory/wasm/types/Value;
    ICONST_0
    AALOAD
    INVOKEVIRTUAL com/dylibso/chicory/wasm/types/Value.asInt ()I
    IRETURN
    MAXSTACK = 5
    MAXLOCALS = 4
}
