// class version 55.0 (55)
// access flags 0x30
final class com/dylibso/chicory/$gen/CompiledMachineFuncGroup_0 {

  // compiled from: com/dylibso/chicory/$gen/CompiledMachine
  // debug info: SMAP
com/dylibso/chicory/$gen/CompiledMachine.java
Rust
*S Rust
*F
+ 0 error.rs
rustc/05f9846f893b09a1be1fc8560e33fc3c815cfecb/library/core/src/str/error.rs
+ 1 raw_vec.rs
rustc/05f9846f893b09a1be1fc8560e33fc3c815cfecb/library/alloc/src/raw_vec.rs
+ 2 mod.rs
rustc/05f9846f893b09a1be1fc8560e33fc3c815cfecb/library/alloc/src/vec/mod.rs
+ 3 lib.rs
src/lib.rs
+ 4 result.rs
rustc/05f9846f893b09a1be1fc8560e33fc3c815cfecb/library/core/src/result.rs
+ 5 layout.rs
rustc/05f9846f893b09a1be1fc8560e33fc3c815cfecb/library/core/src/alloc/layout.rs
+ 6 uint_macros.rs
rustc/05f9846f893b09a1be1fc8560e33fc3c815cfecb/library/core/src/num/uint_macros.rs
+ 7 mod.rs
rustc/05f9846f893b09a1be1fc8560e33fc3c815cfecb/library/core/src/intrinsics/mod.rs
+ 8 alignment.rs
rustc/05f9846f893b09a1be1fc8560e33fc3c815cfecb/library/core/src/ptr/alignment.rs
+ 9 ub_checks.rs
rustc/05f9846f893b09a1be1fc8560e33fc3c815cfecb/library/core/src/ub_checks.rs
+ 10 mut_ptr.rs
rustc/05f9846f893b09a1be1fc8560e33fc3c815cfecb/library/core/src/ptr/mut_ptr.rs
+ 11 niche_types.rs
rustc/05f9846f893b09a1be1fc8560e33fc3c815cfecb/library/core/src/num/niche_types.rs
+ 12 mod.rs
rustc/05f9846f893b09a1be1fc8560e33fc3c815cfecb/library/core/src/convert/mod.rs
+ 13 mod.rs
rustc/05f9846f893b09a1be1fc8560e33fc3c815cfecb/library/alloc/src/collections/mod.rs
+ 14 non_null.rs
rustc/05f9846f893b09a1be1fc8560e33fc3c815cfecb/library/core/src/ptr/non_null.rs
+ 15 mod.rs
rustc/05f9846f893b09a1be1fc8560e33fc3c815cfecb/library/core/src/mem/mod.rs
+ 16 hint.rs
rustc/05f9846f893b09a1be1fc8560e33fc3c815cfecb/library/core/src/hint.rs
+ 17 mod.rs
rustc/05f9846f893b09a1be1fc8560e33fc3c815cfecb/library/core/src/fmt/mod.rs
+ 18 raw.rs
rustc/05f9846f893b09a1be1fc8560e33fc3c815cfecb/library/core/src/slice/raw.rs
+ 19 const_ptr.rs
rustc/05f9846f893b09a1be1fc8560e33fc3c815cfecb/library/core/src/ptr/const_ptr.rs
+ 20 iter.rs
rustc/05f9846f893b09a1be1fc8560e33fc3c815cfecb/library/core/src/slice/iter.rs
+ 21 cmp.rs
rustc/05f9846f893b09a1be1fc8560e33fc3c815cfecb/library/core/src/slice/cmp.rs
+ 22 macros.rs
rustc/05f9846f893b09a1be1fc8560e33fc3c815cfecb/library/core/src/slice/iter/macros.rs
+ 23 num.rs
rustc/05f9846f893b09a1be1fc8560e33fc3c815cfecb/library/core/src/fmt/num.rs
+ 24 cmp.rs
rustc/05f9846f893b09a1be1fc8560e33fc3c815cfecb/library/core/src/cmp.rs
+ 25 mod.rs
rustc/05f9846f893b09a1be1fc8560e33fc3c815cfecb/library/core/src/slice/mod.rs
+ 26 convert.rs
rustc/05f9846f893b09a1be1fc8560e33fc3c815cfecb/library/core/src/char/convert.rs
+ 27 mod.rs
rustc/05f9846f893b09a1be1fc8560e33fc3c815cfecb/library/core/src/ptr/mod.rs
+ 28 option.rs
rustc/05f9846f893b09a1be1fc8560e33fc3c815cfecb/library/core/src/option.rs
+ 29 iter.rs
rustc/05f9846f893b09a1be1fc8560e33fc3c815cfecb/library/core/src/str/iter.rs
+ 30 mod.rs
rustc/05f9846f893b09a1be1fc8560e33fc3c815cfecb/library/core/src/str/mod.rs
+ 31 alloc.rs
rustc/05f9846f893b09a1be1fc8560e33fc3c815cfecb/library/alloc/src/alloc.rs
+ 32 metadata.rs
rustc/05f9846f893b09a1be1fc8560e33fc3c815cfecb/library/core/src/ptr/metadata.rs
+ 33 validations.rs
rustc/05f9846f893b09a1be1fc8560e33fc3c815cfecb/library/core/src/str/validations.rs
+ 34 collect.rs
rustc/05f9846f893b09a1be1fc8560e33fc3c815cfecb/library/core/src/iter/traits/collect.rs
+ 35 any.rs
library/core/src/any.rs
+ 36 uint_macros.rs
library/core/src/num/uint_macros.rs
+ 37 mod.rs
library/core/src/intrinsics/mod.rs
+ 38 layout.rs
library/core/src/alloc/layout.rs
+ 39 raw_vec.rs
library/alloc/src/raw_vec.rs
+ 40 cmp.rs
library/core/src/cmp.rs
+ 41 result.rs
library/core/src/result.rs
+ 42 mod.rs
library/core/src/fmt/mod.rs
+ 43 mod.rs
library/core/src/ptr/mod.rs
+ 44 alloc.rs
library/alloc/src/alloc.rs
+ 45 panic.rs
library/core/src/panic.rs
+ 46 methods.rs
library/core/src/char/methods.rs
+ 47 string.rs
library/alloc/src/string.rs
+ 48 mod.rs
library/alloc/src/vec/mod.rs
+ 49 mut_ptr.rs
library/core/src/ptr/mut_ptr.rs
+ 50 dlmalloc.rs
rust/deps/dlmalloc-0.2.7/src/dlmalloc.rs
+ 51 backtrace.rs
library/std/src/sys/backtrace.rs
+ 52 hint.rs
library/core/src/hint.rs
+ 53 panic_info.rs
library/core/src/panic/panic_info.rs
+ 54 panicking.rs
library/std/src/panicking.rs
+ 55 alloc.rs
library/std/src/alloc.rs
+ 56 lib.rs
rust/deps/dlmalloc-0.2.7/src/lib.rs
+ 57 atomic.rs
library/core/src/sync/atomic.rs
+ 58 cell.rs
library/core/src/cell.rs
+ 59 option.rs
library/core/src/option.rs
+ 60 boxed.rs
library/alloc/src/boxed.rs
+ 61 no_threads.rs
library/std/src/sys/sync/rwlock/no_threads.rs
+ 62 panic.rs
library/std/src/panic.rs
+ 63 common.rs
library/std/src/sys/pal/wasm/../unsupported/common.rs
+ 64 lib.rs
library/panic_abort/src/lib.rs
+ 65 wasm.rs
src/wasm.rs
+ 66 memory.rs
rustc/05f9846f893b09a1be1fc8560e33fc3c815cfecb/library/core/src/../../stdarch/crates/core_arch/src/wasm32/memory.rs
+ 67 mod.rs
library/alloc/src/collections/mod.rs
+ 68 mod.rs
library/core/src/macros/mod.rs
+ 69 range.rs
library/core/src/iter/range.rs
+ 70 non_null.rs
library/core/src/ptr/non_null.rs
+ 71 macros.rs
library/core/src/slice/iter/macros.rs
+ 72 validations.rs
library/core/src/str/validations.rs
+ 73 iter.rs
library/core/src/str/iter.rs
+ 74 mod.rs
library/core/src/str/mod.rs
+ 75 traits.rs
library/core/src/str/traits.rs
+ 76 mod.rs
library/core/src/num/mod.rs
+ 77 count.rs
library/core/src/str/count.rs
+ 78 accum.rs
library/core/src/iter/traits/accum.rs
+ 79 panicking.rs
library/core/src/panicking.rs
+ 80 rt.rs
library/core/src/fmt/rt.rs
+ 81 index.rs
library/core/src/slice/index.rs
+ 82 num.rs
library/core/src/fmt/num.rs
+ 83 maybe_uninit.rs
library/core/src/mem/maybe_uninit.rs
+ 84 const_ptr.rs
library/core/src/ptr/const_ptr.rs
+ 85 converts.rs
library/core/src/str/converts.rs
+ 86 builders.rs
library/core/src/fmt/builders.rs
+ 87 arith.rs
library/core/src/ops/arith.rs
+ 88 memchr.rs
library/core/src/slice/memchr.rs
+ 89 pattern.rs
library/core/src/str/pattern.rs
+ 90 cmp.rs
library/core/src/slice/cmp.rs
+ 91 mod.rs
library/core/src/slice/mod.rs
+ 92 alignment.rs
library/core/src/ptr/alignment.rs
+ 93 impls.rs
src/mem/impls.rs
+ 94 macros.rs
src/macros.rs
*L
48:1
44:2
44:3
185#1:4
507:10
255:80
259:82
750:83
750:84
750:85
750:86
752:87
755:88
522:89
522:91
522:92
522:93
530:94
530:95
531:99
531:100
532:106
532:107
532:108
522:109
523:110
535:111
456:116
816:117
457:124
457:125
462:126
462:128
458:130
488:131
463:132
408:135
463:136
488:137
466:138
807:139
470:140
470:141
808:142
466:143
467:144
471:145
471:146
473:147
475:148
475:149
476:150
483:152
488:153
477:154
477:156
488:157
621:158
417:160
417:161
418:162
421:163
421:164
622:165
512:167
425:168
425:169
512:170
512:171
512:172
622:175
421:176
423:178
427:179
507:314
401:320
402:321
802#2:5
483:6
934:7
934:8
606:9
1734:11
3785:316
3788:318
8#3:12
9:13
11:14
11:15
13:16
17:17
17:18
18:19
22:20
23:21
23:27
24:28
25:29
25:30
30:31
31:32
25:33
26:34
27:35
26:36
27:37
1106#4:22
1106:23
1108:24
1108:25
1107:26
771:118
771:119
772:120
772:121
854:122
854:123
773:129
564:306
2013:405
2001:411
2001:412
461#5:38
461:44
463:45
104:47
110:48
465:49
461:50
115:51
116:52
111:53
467:54
136:55
337:58
316:60
317:61
317:62
317:63
317:64
160:65
139:68
374:69
374:70
374:71
375:72
375:73
375:74
374:75
377:76
379:77
148:90
160:101
139:104
139:105
148:127
160:133
148:166
148:367
160:369
148:377
160:379
148:386
235:389
148:420
160:426
2579#6:39
2579:40
2580:41
871:43
944:98
2020:159
2021:174
84:189
2020:298
2021:300
84:323
2579:354
939:355
2021:2481
2021:2596
1520#7:42
3873:186
1497:2528
1497:2535
1497:2595
91#8:46
91:59
91:66
91:102
91:134
91:370
91:380
91:427
67#9:56
71:57
74:67
74:81
74:97
74:103
74:177
67:182
71:183
67:184
118:185
126:193
126:197
133:199
133:200
133:201
133:202
133:203
133:204
134:205
134:206
71:208
67:209
71:308
67:309
126:327
126:330
126:333
67:336
71:337
74:351
71:356
67:357
67:361
71:362
74:364
74:374
73:394
74:397
74:407
74:416
74:450
74:460
74:473
74:486
47#10:78
1056:214
47:261
123:266
47:284
123:289
1056:358
532:2483
532:2489
532:2493
532:2497
532:2501
532:2505
532:2509
532:2513
532:2517
532:2522
532:2532
532:2533
532:2546
532:2551
532:2557
532:2562
532:2566
532:2570
532:2574
532:2578
532:2582
532:2586
532:2591
532:2598
532:2602
532:2605
532:2607
532:2609
532:2611
532:2613
532:2615
532:2617
532:2619
532:2623
532:2626
532:2629
532:2633
532:2637
532:2639
532:2641
532:2643
532:2645
532:2647
532:2649
532:2651
53#11:79
60:96
60:173
759#12:112
759:114
112#13:113
112:115
113:155
488#14:151
269:211
488:212
391:213
608:247
1622:252
391:253
1622:254
616:263
608:270
1622:275
391:276
1622:277
616:286
391:315
225:360
1352:383
98:391
391:392
225:396
256:402
260:403
258:408
391:414
391:422
145#15:180
205#16:181
599#17:187
601:194
2183:230
2187:232
2183:238
2187:240
2651:310
2651:311
2651:312
599:322
601:328
2651:338
2651:339
2651:340
134#18:188
134:198
135:207
139:487
1478#19:190
1482:191
1482:192
1479:195
54:196
1478:324
1482:325
1482:326
1479:329
54:332
537:2488
537:2494
537:2498
537:2502
537:2506
537:2510
537:2514
537:2518
537:2521
537:2526
537:2550
537:2556
537:2563
537:2567
537:2571
537:2575
537:2579
537:2583
537:2587
537:2590
96#20:210
101:215
103:216
103:217
236#21:218
236:222
237:229
283#22:219
283:220
283:221
284:223
288:224
289:225
283:226
284:227
285:228
98:246
32:248
32:249
43:250
43:251
24:255
99:256
13:257
162:258
161:259
20:260
107:262
107:264
442:265
164:267
167:268
98:269
32:271
32:272
43:273
43:274
24:278
99:279
13:280
162:281
161:282
20:283
107:285
107:287
442:288
164:290
167:291
180#23:231
182:233
181:234
185:235
183:236
187:237
180:239
182:241
181:242
185:243
183:244
187:245
1739#24:292
1739:293
1739:294
1739:295
2554#25:296
2555:297
245#26:299
245:301
249:302
245:303
246:304
29:305
29:307
522#27:313
522:317
522:319
1749:331
1749:334
1749:335
1739:363
1751:365
1739:373
1751:375
929:384
598:390
566#28:341
579:342
566:343
566:344
1117:346
1117:347
1119:348
1121:349
1118:350
1118:352
1254:404
1253:409
1253:410
2486:436
2486:437
2500:438
2487:439
2487:440
1083:446
1083:447
1084:451
1083:458
1083:459
1084:461
1083:471
1083:472
1084:474
41#29:345
42:353
1041#30:359
178#31:366
178:368
178:371
180:372
95:376
95:378
95:381
97:382
187:385
187:387
188:388
191:395
188:398
191:399
191:400
192:401
196:406
192:413
193:417
196:418
265:419
265:421
268:423
115:424
115:425
115:428
270:429
259:430
260:431
253:432
254:433
126#32:393
126:415
10#33:434
37:435
37:441
37:442
38:443
11:444
48:445
39:448
39:449
48:452
17:453
17:454
17:455
50:456
55:457
55:462
56:463
17:464
17:465
17:466
57:467
57:468
58:469
63:470
63:475
64:476
17:477
17:478
17:479
64:480
68:481
68:482
69:483
69:484
323#34:485
746#35:488
140:489
746:490
140:491
493#36:492
2579:499
2579:504
944:509
2021:564
2021:585
135:732
135:873
161:918
1980:962
161:965
1980:1038
161:1041
497:1706
571:1811
571:1841
571:1993
571:2046
2021:2055
658:2203
662:2205
658:2241
571:2286
2065:2335
2065:2360
571:2382
84:2452
1520#37:493
4440:571
4440:592
4440:1566
4440:1570
4626:1599
1520:1710
3885:2181
374#38:494
316:495
317:496
317:497
317:498
374:505
374:506
374:507
148:1460
374:1711
104:2454
79:2455
83:2456
654#39:500
158:502
522:508
532:510
659:511
532:512
659:513
553:517
631:519
630:520
555:521
522:525
512:562
622:565
557:566
558:567
507:569
512:575
507:578
512:583
622:586
557:587
558:588
507:590
807:595
771:596
771:597
771:598
783:611
783:614
507:1643
24:1704
566:1705
654:1707
567:1712
522:1713
532:1714
659:1715
532:1716
659:1717
567:1721
631:1723
630:1724
336:1725
792:1727
793:1728
807:1729
771:1730
771:1731
771:1732
783:1745
783:1748
1002#40:501
1001:503
1002:1090
1041:1183
1040:1565
1041:1569
1002:1708
1001:1709
1823:1770
1823:1827
1823:1837
1823:1839
1823:1844
1823:2018
1823:2035
1823:2042
1823:2044
1823:2049
1739:2193
1041:2305
1739:2448
1739:2464
1739:2473
2000#41:514
2000:515
2002:516
2001:518
2000:605
853:609
854:610
855:612
2013:613
2000:1718
2000:1719
2002:1720
2001:1722
2000:1739
853:1743
854:1744
855:1746
2013:1747
2000:1830
2000:1835
2000:1843
2000:2038
2000:2048
1351:2115
2000:2122
2000:2124
2000:2126
2000:2132
2000:2141
2000:2143
2000:2147
1703:2173
1703:2175
2000:2245
2000:2251
2000:2252
2000:2257
2000:2392
1351:2414
2000:2417
1351:2420
2000:2422
2000:2432
1351:2434
2000:2438
241#42:522
247:523
704:1436
704:1437
705:1438
705:1439
706:1440
706:1441
612:1459
612:1462
1920:1618
1920:1637
2651:1647
1920:1650
601:1703
1696:1752
1701:1753
1701:1755
1718:1787
1721:1788
1739:1789
1722:1790
1726:1818
1733:1819
2001:1820
1752:1822
1754:1823
1755:1824
1755:1825
1758:1826
1759:1829
1739:1831
1727:1832
1739:1833
1734:1834
1739:1836
1739:1840
1529:1842
1739:1845
1697:1846
1739:1847
601:1848
601:1850
601:1852
547:1856
1434:1857
1434:1858
1437:1859
1441:1862
1442:1863
1441:1864
1442:1865
1448:1866
1448:1868
1434:1871
1453:1872
1460:1875
1461:1876
1460:1877
1461:1878
1480:1879
1480:1880
1481:1881
1481:1882
1482:1883
1482:1884
1486:1885
1502:1886
1486:1891
1487:1892
1502:1893
1487:1898
1494:1899
1498:1901
1498:1903
1465:1905
1472:1908
1472:1910
1473:1911
1473:1913
1473:1914
1477:1915
1477:1916
1602:1962
1604:1963
2151:1964
1602:1965
2094:1966
1605:1967
2151:1968
1610:1969
1611:1972
1610:1973
1611:1975
1610:1976
1611:1999
1627:2000
1627:2001
1631:2002
1662:2003
1632:2004
1662:2005
1636:2006
1636:2007
1637:2008
1662:2009
2177:2010
1642:2011
1646:2016
1758:2017
1759:2019
1662:2020
1648:2021
1662:2022
1651:2023
1650:2024
1662:2025
1638:2026
1656:2027
2001:2028
1752:2030
1754:2031
1755:2032
1755:2033
1758:2034
1759:2037
1662:2039
1657:2040
1658:2041
1662:2045
1529:2047
1662:2050
1662:2051
1888:2118
1888:2121
1888:2123
1888:2125
1888:2131
1541:2134
1543:2135
1541:2137
1541:2139
1888:2140
1888:2142
1888:2148
612:2172
612:2174
2651:2178
2746:2179
2651:2180
601:2184
601:2186
2651:2198
2651:2199
2651:2200
241:2262
247:2263
1620:2389
1620:2390
1621:2391
1624:2393
1623:2394
1624:2395
1623:2396
1624:2397
1888:2398
1889:2399
1888:2400
2261:2402
2262:2403
1888:2409
1888:2411
2264:2412
1888:2413
1888:2416
1888:2421
1541:2424
1541:2426
1541:2428
1888:2433
1888:2437
1888:2439
2399:2440
601:2478
522#43:524
522:526
522:528
522:529
522:530
522:531
522:533
1581:580
1751:602
1751:608
1946:1166
1946:1199
1946:1210
1946:1250
1946:1253
1946:1315
1581:1606
1581:1609
1379:1621
1581:1622
1379:1623
1751:1624
1581:1625
1751:1626
1379:1627
1751:1652
1581:1673
1581:1687
1581:1688
1751:1736
1751:1742
1379:2012
1581:2013
1379:2014
1581:2015
1946:2209
1947:2210
1946:2264
1947:2265
115#44:527
115:532
213:599
187:600
188:601
95:603
135:604
187:606
188:607
95:1628
348:1629
350:1630
95:1654
348:1655
350:1656
213:1733
187:1734
188:1735
95:1737
135:1738
187:1740
188:1741
402:1749
189#45:534
1766#46:535
1767:537
1768:538
1814:539
1814:540
1811:541
1811:542
1813:543
1813:544
1813:545
1812:546
1812:547
1812:548
1815:549
1808:550
1808:551
1806:552
1806:553
1807:554
1807:555
1807:556
1809:557
1803:558
1803:559
1802:560
1802:561
1421#47:536
1421:573
3170:582
3164:594
446:1616
446:1635
1271#48:563
2680:568
2569:572
2418:574
2421:576
2422:577
2427:581
1271:584
2680:589
2569:593
1574:1644
1056#49:570
1056:579
1056:591
1056:633
1056:662
1167:668
1056:687
1056:695
1056:701
1056:726
1056:739
1167:773
1056:775
1167:780
1056:800
1056:808
1056:833
1056:841
1056:844
1056:878
1056:902
1056:912
1056:919
1056:944
1056:966
1056:976
1056:979
1056:983
1056:1009
1056:1013
1056:1030
1056:1034
1056:1042
1056:1068
1056:1095
1056:1167
1056:1175
2141:1182
1056:1194
1056:1200
1056:1207
1056:1211
1056:1212
1056:1220
1056:1234
1056:1251
1056:1254
1056:1255
1056:1266
1056:1270
1056:1276
1056:1291
1056:1295
1056:1302
1056:1306
1056:1309
1056:1312
1056:1316
1056:1323
1056:1334
1056:1336
1056:1341
1056:1345
1056:1355
1056:1357
1056:1363
1056:1379
1056:1381
1167:1390
1167:1397
1056:1406
1056:1411
1056:1425
1056:1428
1056:1431
1056:1517
1056:1519
1056:1529
1056:1538
1056:1543
1056:1545
1056:1551
1056:1586
1056:1754
206#50:615
1101:616
1124:617
1126:618
1133:619
1136:620
1137:621
1137:622
1818:623
1129:624
1130:625
1126:626
1139:627
1140:628
1143:629
1149:630
1153:631
1157:632
1158:634
1158:635
1164:636
1171:637
1159:638
1160:639
1097:640
1161:641
1097:642
1097:643
1109:644
1115:645
1118:646
1119:647
1106:648
1085:649
1085:650
1085:651
1106:652
1172:653
1173:654
1175:655
1176:656
1178:657
1180:658
1181:659
1106:660
1106:661
1732:663
658:664
1744:665
660:666
671:667
673:669
673:670
675:671
676:672
1736:673
1764:674
1775:675
674:676
1728:677
682:678
684:679
684:680
694:681
694:682
1716:683
703:684
702:685
1764:686
1775:688
705:689
705:690
706:691
714:692
1736:693
1764:694
1775:696
206:697
1009:698
1012:699
714:700
1077:702
198:703
1077:704
1077:705
1021:706
1081:707
1021:708
1024:709
1027:710
1028:711
1030:712
1029:713
714:714
687:715
685:716
688:717
689:718
689:719
691:720
690:721
714:722
697:723
695:724
1764:725
1775:727
714:728
714:729
974:730
976:731
980:733
980:734
980:735
980:736
1037:737
1036:738
1089:740
1089:741
1089:742
1040:743
1041:744
1042:745
1043:746
1044:747
1093:748
1074:749
1047:750
1716:751
1050:752
1050:753
100:754
1048:755
1051:756
1053:757
1052:758
1716:759
1050:760
1064:761
1065:762
1066:763
1069:764
1068:765
1067:766
1074:767
1056:768
1057:769
1058:770
1059:771
1074:772
1716:774
1207:776
1744:777
1210:778
1222:779
1224:781
1224:782
1226:783
1227:784
1736:785
1764:786
1775:787
1279:788
1225:789
1728:790
1234:791
1235:792
1235:793
1248:794
1248:795
1716:796
1257:797
1256:798
1764:799
1775:801
1259:802
1259:803
1260:804
1279:805
1736:806
1764:807
1775:809
206:810
1268:811
1272:812
1274:813
1275:814
1350:815
1383:816
1383:817
1279:818
1238:819
1236:820
1239:821
1240:822
1240:823
1242:824
1241:825
1282:826
1282:827
1244:828
1287:829
1289:830
844:831
1842:832
844:834
847:835
843:836
1248:837
1251:838
1249:839
1764:840
1775:842
1279:843
1077:845
198:846
1077:847
1077:848
1021:849
1081:850
1021:851
1024:852
1027:853
1028:854
1030:855
1029:856
1279:857
1346:858
1350:859
1346:860
1383:861
1383:862
1321:863
1322:864
1279:865
262:866
317:867
384:868
87:869
322:870
976:871
973:872
980:874
980:875
980:876
980:877
890:879
891:880
100:881
894:882
1716:883
899:884
899:885
902:886
906:887
907:888
906:889
907:890
908:891
917:892
911:893
262:894
265:895
239:896
198:897
265:898
269:899
272:900
272:901
275:903
985:904
989:905
992:906
993:907
989:908
1085:909
1085:910
1754:911
1756:913
284:914
284:915
287:916
308:917
855:920
1716:921
857:922
1801:923
1802:924
1803:925
861:926
1124:927
1814:928
1126:929
1133:930
1136:931
1137:932
1137:933
1818:934
1129:935
1130:936
1126:937
1139:938
1140:939
1143:940
1149:941
1153:942
1157:943
1158:945
1158:946
1164:947
1171:948
1159:949
1160:950
1097:951
1161:952
1097:953
1097:954
1716:955
864:956
865:957
859:958
287:959
288:960
91:961
91:963
288:964
292:967
985:968
989:969
992:970
993:971
989:972
1085:973
1085:974
1760:975
296:977
1764:978
1775:980
998:981
1000:982
1001:984
1077:985
198:986
1077:987
1077:988
1021:989
1081:990
1021:991
1024:992
1027:993
1028:994
1030:995
1029:996
1005:997
1004:998
1172:999
1173:1000
1175:1001
1176:1002
1178:1003
1180:1004
1181:1005
875:1006
1760:1007
1764:1008
1775:1010
998:1011
1000:1012
1001:1014
1077:1015
198:1016
1077:1017
1077:1018
1021:1019
1081:1020
1021:1021
1024:1022
1027:1023
1028:1024
1030:1025
1029:1026
1002:1027
876:1028
1754:1029
1756:1031
1005:1032
1004:1033
310:1035
922:1036
91:1037
91:1039
923:1040
927:1043
1716:1044
934:1045
1801:1046
1802:1047
1803:1048
932:1049
942:1050
942:1051
1124:1052
1814:1053
1126:1054
1133:1055
1136:1056
1137:1057
1818:1058
1129:1059
1130:1060
1126:1061
1139:1062
1140:1063
1143:1064
1149:1065
1153:1066
1157:1067
1158:1069
1158:1070
1164:1071
1171:1072
1159:1073
1160:1074
1097:1075
1161:1076
1097:1077
1097:1078
334:1079
334:1080
356:1081
356:1082
383:1083
87:1084
383:1085
383:1086
384:1087
388:1088
389:1089
389:1091
391:1092
1842:1093
1842:1094
407:1096
408:1097
407:1098
391:1099
392:1100
393:1101
398:1102
397:1103
396:1104
395:1105
731:1106
732:1107
731:1108
732:1109
731:1110
732:1111
731:1112
732:1113
731:1114
732:1115
731:1116
732:1117
731:1118
732:1119
731:1120
732:1121
731:1122
732:1123
731:1124
732:1125
731:1126
732:1127
731:1128
732:1129
731:1130
732:1131
731:1132
732:1133
731:1134
732:1135
731:1136
732:1137
731:1138
732:1139
731:1140
732:1141
731:1142
732:1143
731:1144
732:1145
731:1146
732:1147
731:1148
732:1149
731:1150
732:1151
731:1152
732:1153
731:1154
732:1155
731:1156
732:1157
731:1158
732:1159
731:1160
732:1161
731:1162
732:1163
731:1164
732:1165
721:1168
732:1169
719:1170
400:1171
719:1172
722:1173
723:1174
724:1176
725:1177
411:1178
411:1179
411:1180
420:1181
420:1184
422:1185
423:1186
422:1187
422:1188
1826:1189
425:1190
425:1191
844:1192
1842:1193
844:1195
847:1196
843:1197
844:1198
721:1201
719:1202
803:1203
719:1204
722:1205
723:1206
724:1208
725:1209
791:1213
791:1214
1760:1215
809:1216
812:1217
811:1218
810:1219
813:1221
816:1222
818:1223
820:1224
829:1225
1736:1226
831:1227
1764:1228
1775:1229
206:1230
1009:1231
1012:1232
1009:1233
1077:1235
198:1236
1077:1237
1077:1238
1021:1239
1081:1240
1021:1241
1024:1242
1027:1243
1028:1244
1030:1245
1029:1246
1010:1247
427:1248
428:1249
1760:1252
741:1256
749:1257
749:1258
755:1259
755:1260
1740:1261
761:1262
1716:1263
763:1264
765:1265
1736:1267
1736:1268
1764:1269
1775:1271
206:1272
1009:1273
1012:1274
1009:1275
1077:1277
198:1278
1077:1279
1077:1280
1021:1281
1081:1282
1021:1283
1024:1284
1027:1285
1028:1286
1030:1287
1029:1288
357:1289
359:1290
360:1292
362:1293
1760:1294
336:1296
335:1297
337:1298
346:1299
345:1300
1754:1301
1756:1303
337:1304
339:1305
338:1307
1764:1308
1775:1310
1760:1311
415:1313
416:1314
721:1317
719:1318
417:1319
719:1320
722:1321
723:1322
724:1324
725:1325
418:1326
752:1327
750:1328
753:1329
749:1330
758:1331
756:1332
1764:1333
1775:1335
436:1337
436:1338
437:1339
439:1340
440:1342
442:1343
1760:1344
1172:1346
1173:1347
1175:1348
1176:1349
1178:1350
1180:1351
1181:1352
950:1353
1760:1354
1764:1356
1775:1358
206:1359
1009:1360
1012:1361
1009:1362
1077:1364
198:1365
1077:1366
1077:1367
1021:1368
1081:1369
1021:1370
1024:1371
1027:1372
1028:1373
1030:1374
1029:1375
1010:1376
951:1377
1754:1378
1756:1380
372:1382
592:1383
595:1384
595:1385
239:1386
599:1387
600:1388
601:1389
605:1391
605:1392
1716:1393
612:1394
612:1395
612:1396
613:1398
619:1399
620:1400
1744:1401
623:1402
1748:1403
1748:1404
1748:1405
1750:1407
1748:1408
1748:1409
1748:1410
1750:1412
630:1413
623:1414
624:1415
625:1416
624:1417
1744:1418
636:1419
1716:1420
638:1421
638:1422
1748:1423
1748:1424
639:1426
1748:1427
1750:1429
643:1430
652:1432
1716:1471
1744:1472
247:1473
1191:1474
1191:1475
1193:1476
1193:1477
1191:1480
1197:1481
1716:1483
1744:1484
247:1485
1191:1486
1191:1487
1193:1488
455:1493
239:1494
478:1495
206:1496
551:1497
556:1498
556:1499
556:1500
480:1502
489:1503
489:1504
502:1505
502:1506
1728:1507
525:1508
1716:1509
528:1510
532:1511
531:1512
533:1513
1748:1514
1748:1515
1748:1516
1748:1518
1750:1520
540:1521
481:1523
482:1524
1748:1526
1748:1527
1748:1528
1750:1530
504:1532
505:1533
508:1534
509:1535
1748:1536
1748:1537
1750:1539
509:1540
1748:1541
1748:1542
1764:1544
1775:1546
1736:1547
1748:1549
1748:1550
1748:1552
1750:1553
486:1554
491:1556
491:1557
465:1558
466:1559
1716:1560
1744:1561
247:1562
1716:1563
467:1564
469:1567
1716:1572
1744:1573
247:1574
1191:1575
1191:1576
1193:1577
1191:1580
1197:1581
1191:1582
1197:1583
1748:1584
1748:1585
495:1587
498:1588
500:1589
499:1590
1744:1597
167#51:1433
476#52:1434
171#53:1435
127:1447
138:1448
127:1454
138:1455
61:1611
179:1617
179:1636
179:1646
179:1648
179:1649
39:1854
39:2182
695#54:1442
704:1443
703:1444
705:1445
706:1446
703:1449
697:1450
696:1451
698:1452
699:1453
696:1456
425:1602
432:1604
435:1608
438:1610
694:1612
694:1613
641:1619
653:1632
641:1638
657:1640
662:1641
662:1642
663:1645
667:1651
674:1653
675:1658
679:1659
682:1660
683:1661
688:1662
688:1663
689:1664
798:1665
801:1666
801:1667
802:1668
807:1669
821:1674
821:1675
838:1676
838:1678
838:1680
838:1682
838:1684
847:1689
855:1690
891:1691
353#55:1457
353:1458
354:1461
354:1463
364:1464
402:1467
402:1469
409:1479
424:1492
424:1501
424:1522
424:1525
424:1531
424:1548
424:1555
424:1568
424:1579
424:1591
434:1600
373:1694
374:1695
118#56:1465
121:1466
119:1468
144:1470
145:1478
165:1482
167:1489
121:1490
171:1491
144:1571
145:1578
118:1592
121:1593
118:1594
119:1595
130:1596
130:1598
3763#57:1601
3731:1693
543#58:1603
543:1605
543:1607
543:1670
543:1685
1694#59:1614
1694:1615
1695:1620
1694:1633
1694:1634
1695:1639
607:1750
998:1786
998:1821
998:2029
1613:2136
1613:2138
1613:2425
1613:2427
273#60:1631
273:1657
1989:1681
1989:1683
19#61:1671
20:1672
56:1686
56#62:1677
56:1679
27#63:1692
27:1696
99#64:1697
20#65:1698
22:1700
22:1701
30:1702
55#66:1699
76#67:1726
537#68:1751
763#69:1756
763:1757
763:1771
763:1828
763:1838
763:2036
763:2043
1622#70:1758
616:1767
1622:1772
616:1798
1622:1870
1622:1906
616:1980
1622:2269
616:2273
1622:2308
616:2330
1622:2331
1622:2343
1622:2350
616:2369
24#71:1759
24:1773
24:1793
24:1794
236:1795
236:1796
236:1797
231:1799
231:1802
231:1805
231:1808
236:1812
231:1813
236:1816
24:1817
24:1860
24:1861
24:1873
24:1874
24:1907
24:1974
236:1977
236:1978
236:1979
231:1981
231:1984
231:1987
231:1990
236:1994
231:1995
236:1998
24:2270
236:2271
236:2272
231:2274
231:2277
231:2280
231:2283
236:2287
231:2288
236:2291
24:2292
231:2293
236:2295
231:2296
236:2299
231:2300
24:2364
236:2366
236:2367
236:2368
231:2370
231:2373
231:2376
231:2379
236:2383
231:2384
236:2387
37#72:1760
38:1761
38:1762
50:1763
50:1764
58:1765
58:1766
37:1774
38:1775
50:1776
24:1800
24:1803
24:1806
24:1809
24:1814
24:1982
24:1985
24:1988
24:1991
24:1996
145:2052
164:2053
165:2054
222:2056
224:2057
233:2059
232:2060
234:2061
238:2062
224:2063
165:2064
279:2065
185:2066
155:2067
157:2068
155:2069
157:2070
155:2071
157:2072
160:2073
187:2074
160:2075
192:2076
193:2077
195:2078
194:2079
196:2080
196:2081
194:2082
160:2083
204:2084
205:2085
205:2086
205:2087
205:2088
155:2089
157:2090
160:2091
208:2092
155:2093
157:2094
160:2095
211:2096
155:2097
157:2098
160:2099
199:2100
217:2103
165:2104
245:2105
241:2106
241:2107
242:2108
241:2109
241:2110
145:2111
24:2275
24:2278
24:2281
24:2284
24:2289
24:2294
24:2297
24:2301
24:2371
24:2374
24:2377
24:2380
24:2385
191#73:1768
191:1769
678:2202
648:2242
370#74:1777
374:1778
384:1779
386:1782
433#75:1780
433:1781
433:1784
433:1785
1045#76:1783
27#77:1791
34:1792
27:1970
34:1971
67:2268
71:2303
74:2304
81:2309
116:2310
116:2311
116:2312
116:2313
81:2314
116:2315
116:2316
116:2317
116:2318
81:2319
116:2320
116:2321
116:2322
116:2323
81:2324
116:2325
116:2326
116:2327
116:2328
84:2329
126:2332
126:2333
126:2334
127:2336
90:2337
99:2338
116:2339
116:2340
116:2341
116:2342
99:2344
116:2345
116:2346
116:2347
116:2348
100:2349
99:2351
116:2352
116:2353
116:2354
116:2355
100:2356
126:2357
126:2358
126:2359
127:2361
102:2362
107:2363
107:2365
107:2388
52#78:1801
52:1804
52:1807
52:1810
52:1815
52:1983
52:1986
52:1989
52:1992
52:1997
52:2276
52:2279
52:2282
52:2285
52:2290
52:2298
52:2302
52:2372
52:2375
52:2378
52:2381
52:2386
144#79:1849
144:1851
177:1853
74:1855
116:2183
217:2185
217:2187
177:2479
176#80:1867
176:1869
184:1888
184:1889
185:1890
184:1895
184:1896
185:1897
176:1902
176:1904
89#81:1887
89:1894
89:1900
227:1909
227:1912
89:1958
406:1959
89:2168
406:2169
89:2204
89:2238
89:2247
246#82:1917
261:1918
262:1919
258:1920
257:1921
260:1922
259:1923
261:1924
262:1925
261:1927
264:1929
260:1930
263:1931
264:1932
263:1934
253:1936
246:1937
268:1938
268:1939
280:1940
278:1941
277:1942
279:1943
280:1944
279:1946
275:1947
279:1948
279:1949
284:1951
296:1952
291:1953
296:1954
296:1955
296:1956
309:1960
310:1961
210:2152
268:2153
278:2154
277:2155
279:2156
280:2157
279:2159
284:2161
296:2162
291:2163
296:2164
296:2165
296:2166
309:2170
216:2171
210:2176
216:2177
147:2188
25:2189
139:2190
72:2192
72:2195
102:2196
148:2197
147:2441
140:2442
140:2444
72:2446
72:2449
102:2450
148:2451
147:2457
139:2458
139:2460
72:2462
72:2465
102:2466
148:2467
147:2468
25:2469
140:2470
72:2472
72:2475
102:2476
148:2477
510#83:1926
510:1928
510:1933
510:1935
510:1945
510:1950
510:1957
510:2158
510:2160
510:2167
510:2191
510:2445
510:2461
510:2471
966#84:2058
966:2307
93#85:2101
95:2102
91:2112
95:2113
144#86:2114
253:2116
145:2117
157:2119
157:2120
161:2127
132:2128
145:2129
146:2130
15:2133
132:2144
154:2145
132:2146
165:2149
144:2150
133:2151
31:2201
32:2243
33:2244
36:2249
37:2250
41:2253
48:2254
44:2255
45:2256
49:2258
47:2259
48:2260
49:2261
98:2401
244:2404
244:2405
244:2406
253:2407
246:2408
246:2410
342:2415
354:2418
329:2419
15:2423
329:2429
349:2430
329:2431
433:2435
433:2436
482#87:2194
584:2443
482:2447
584:2459
482:2463
482:2474
27#88:2206
39:2207
39:2208
71:2211
40:2212
44:2213
39:2214
81:2215
85:2216
89:2217
19:2218
86:2219
90:2220
19:2221
91:2222
81:2223
95:2224
81:2225
39:2226
40:2227
44:2228
39:2229
39:2230
39:2231
40:2232
39:2233
39:2234
457#89:2235
456:2236
457:2237
460:2240
90#90:2239
90:2248
2616#91:2246
3931:2266
2015:2267
2015:2306
57#92:2453
116#93:2480
119:2482
48:2484
48:2485
49:2486
49:2487
48:2490
49:2491
49:2492
49:2495
49:2496
49:2499
49:2500
49:2503
49:2504
49:2507
49:2508
49:2511
49:2512
49:2515
49:2516
49:2519
49:2520
48:2523
123:2524
125:2525
126:2527
61:2529
62:2530
62:2531
61:2534
88:2536
79:2537
88:2538
84:2539
92:2540
90:2541
92:2542
92:2543
97:2544
88:2545
88:2547
61:2548
134:2549
48:2552
48:2553
49:2554
49:2555
48:2558
48:2559
49:2560
49:2561
49:2564
49:2565
49:2568
49:2569
49:2572
49:2573
49:2576
49:2577
49:2580
49:2581
49:2584
49:2585
49:2588
49:2589
48:2592
269:2594
272:2597
245:2599
245:2600
246:2601
245:2603
246:2604
246:2606
246:2608
246:2610
246:2612
246:2614
246:2616
246:2618
245:2620
275:2621
277:2622
263:2624
264:2625
263:2627
280:2628
245:2630
245:2631
246:2632
245:2634
245:2635
246:2636
246:2638
246:2640
246:2642
246:2644
246:2646
246:2648
246:2650
245:2652
480#94:2593
480:2653
*E


  // access flags 0x9
