// class version 55.0 (55)
// access flags 0x30
final class com/dylibso/chicory/$gen/CompiledMachineFuncGroup_0 {

  // compiled from: com/dylibso/chicory/$gen/CompiledMachine
  // debug info: SMAP
com/dylibso/chicory/$gen/CompiledMachine.java
C99
*S Mips Assembler
*F
+ 0 asm_tinygowasm.S
usr/local/lib/tinygo/src/runtime/asm_tinygowasm.S
+ 1 task_asyncify_wasm.S
usr/local/lib/tinygo/src/internal/task/task_asyncify_wasm.S
*L
9:1
22#1:2
23:3
25:4
26:5
27:6
28:7
29:8
31:9
32:10
33:11
36:12
37:13
38:14
40:15
49:16
50:17
51:18
53:19
54:20
55:21
56:22
58:23
60:24
62:25
64:26
73:27
74:28
75:29
77:30
78:31
79:32
80:33
82:34
83:35
84:36
85:37
86:38
87:39
88:40
91:41
93:42
95:43
97:44
*S C99
*F
+ 0 task_asyncify.go
usr/local/lib/tinygo/src/internal/task/task_asyncify.go
+ 1 panic.go
usr/local/lib/tinygo/src/runtime/panic.go
+ 2 runtime.go
usr/local/lib/tinygo/src/runtime/runtime.go
+ 3 memhash_leveldb.go
usr/local/lib/tinygo/src/runtime/memhash_leveldb.go
+ 4 runtime_tinygowasm.go
usr/local/lib/tinygo/src/runtime/runtime_tinygowasm.go
+ 5 print.go
usr/local/lib/tinygo/src/runtime/print.go
+ 6 gc_blocks.go
usr/local/lib/tinygo/src/runtime/gc_blocks.go
+ 7 volatile.go
usr/local/lib/tinygo/src/runtime/volatile/volatile.go
+ 8 gc_stack_portable.go
usr/local/lib/tinygo/src/runtime/gc_stack_portable.go
+ 9 gc_globals.go
usr/local/lib/tinygo/src/runtime/gc_globals.go
+ 10 arch_tinygowasm.go
usr/local/lib/tinygo/src/runtime/arch_tinygowasm.go
+ 11 arch_tinygowasm_malloc.go
usr/local/lib/tinygo/src/runtime/arch_tinygowasm_malloc.go
+ 12 hashmap.go
usr/local/lib/tinygo/src/runtime/hashmap.go
+ 13 runtime_wasm_wasi.go
usr/local/lib/tinygo/src/runtime/runtime_wasm_wasi.go
+ 14 queue.go
usr/local/lib/tinygo/src/internal/task/queue.go
+ 15 scheduler.go
usr/local/lib/tinygo/src/runtime/scheduler.go
+ 16 scheduler_any.go
usr/local/lib/tinygo/src/runtime/scheduler_any.go
+ 17 wait_other.go
usr/local/lib/tinygo/src/runtime/wait_other.go
+ 18 algorithm.go
usr/local/lib/tinygo/src/runtime/algorithm.go
+ 19 log.go
usr/code/tinygo/log.go
*L
88:45
88:46
88:47
88:48
88:49
88:50
92:51
94:52
94:53
89:54
94:55
94:56
94:57
95:58
81:127
102:361
102:366
102:370
47:373
61:374
62:375
102:376
62:377
47:378
68:379
65:380
68:381
70:382
69:383
69:384
69:385
65:386
102:387
102:392
102:394
102:396
104:409
106:410
104:411
107:416
107:417
111:418
108:419
109:420
113:423
115:428
115:429
115:430
115:431
116:432
133#1:59
134:60
58:61
59:62
143:91
144:92
67:93
69:94
148:96
149:97
48:340
49:341
50:342
58#2:63
60:64
59:65
58:66
60:67
59:68
61:69
41:178
30:221
41:325
41:333
36:356
41:372
30:468
41:473
30:558
30:568
30:637
30:655
30:657
30:664
30:666
45#3:70
45:71
47:72
48:73
48:74
49:75
50:76
50:77
47:78
54:79
54:80
54:81
57:82
57:83
57:84
60:85
60:86
61:87
62:88
62:89
65:90
69#4:95
39:102
39:103
39:104
40:105
39:106
39:107
42:108
45:109
43:110
43:111
44:112
45:113
47:114
39:115
69:343
13#5:98
15:99
289:100
290:101
326:441
327:442
341:443
283#6:116
283:117
283:118
284:119
286:120
286:121
283:122
290:123
294:124
283:125
283:128
283:132
582:133
283:134
621:135
621:136
622:137
625:138
283:139
627:140
633:141
182:142
182:143
182:144
183:145
183:146
183:147
643:148
303:149
303:150
304:151
283:152
304:153
308:154
621:155
585:156
584:157
585:158
586:159
592:160
283:161
585:162
585:163
313:164
326:165
343:166
347:167
346:168
350:169
352:170
353:171
359:172
360:173
360:174
361:175
112:176
112:177
320:179
283:180
294:181
491:182
190:183
492:184
102:185
102:186
601:187
607:188
608:189
608:190
612:191
491:192
495:193
148:194
148:195
148:196
149:197
149:198
149:199
149:200
165:201
165:202
165:203
166:204
166:205
166:206
173:207
214:211
215:212
214:213
223:215
214:216
224:217
214:218
225:219
215:220
502:222
504:223
505:224
507:225
509:226
510:227
510:228
112:229
137:230
138:231
522:232
136:233
140:234
140:235
141:236
140:237
140:238
530:239
190:240
102:241
102:242
540:243
550:244
552:245
552:246
561:247
563:248
566:249
574:250
574:251
575:252
528:253
578:254
156:255
156:256
156:257
157:258
157:259
157:260
161:261
245:262
245:263
242:264
246:265
246:266
242:267
245:268
249:269
249:270
250:271
264:272
123:273
124:274
123:275
123:276
131:277
198:365
201:367
202:368
201:369
201:371
24#7:126
48#8:129
48:130
60:412
60:413
60:414
60:415
60:424
60:425
60:426
60:427
13#9:131
80#10:208
81:209
86:210
86:214
13#11:278
17:279
17:280
13:281
13:282
17:283
24:290
24:291
24:292
31:293
36:344
38:345
38:346
36:347
38:348
42:349
44:350
42:351
50:352
50:353
42:354
42:355
42:357
42:358
50:359
57:360
467#12:284
467:285
467:286
467:287
468:288
469:289
480:294
480:295
480:296
480:297
481:298
362:299
492:300
362:301
492:302
492:303
57:304
492:305
371:306
374:307
375:308
362:309
205:310
205:311
205:312
206:313
376:314
377:315
377:316
362:317
379:318
362:319
379:320
379:321
379:322
381:323
383:324
212:326
212:327
212:328
212:329
212:330
212:331
213:332
386:334
386:335
386:336
375:337
391:338
379:339
320:444
330:445
330:446
57:447
333:448
334:449
205:450
205:451
205:452
206:453
335:454
212:455
212:456
212:457
212:458
212:459
213:460
336:461
337:462
337:463
339:464
339:465
339:466
341:467
334:469
346:470
346:471
350:472
333:474
339:475
200:476
186:477
186:478
186:479
199:480
198:481
199:482
198:483
199:484
192:485
192:486
200:487
398:488
221:489
154:490
221:491
165:492
166:493
293:494
293:495
293:496
293:497
293:498
293:499
293:500
293:501
293:502
294:512
295:513
298:514
298:515
186:516
186:517
301:518
301:519
301:520
186:521
306:522
306:523
306:524
307:525
307:526
307:527
309:528
406:529
406:530
407:532
407:533
407:534
407:535
411:536
411:537
414:538
414:539
416:540
417:541
186:542
192:543
186:544
186:545
192:546
421:547
422:548
424:549
424:550
424:551
426:552
205:553
205:554
205:555
206:556
431:557
433:559
433:560
212:561
212:562
212:563
212:564
212:565
213:566
437:567
438:569
444:570
444:571
444:572
440:573
444:574
444:575
445:576
445:577
310:578
310:579
310:580
310:581
310:582
310:583
311:584
314:585
314:586
314:587
314:588
314:589
314:590
314:591
314:592
314:593
314:594
314:595
314:596
314:597
314:598
314:599
314:600
314:601
224:602
224:603
224:604
224:605
224:606
224:607
228:608
228:609
57:610
235:611
228:612
235:613
236:614
236:615
205:616
205:617
205:618
206:619
237:620
212:621
212:622
212:623
212:624
212:625
213:626
238:627
239:628
239:629
246:630
246:631
246:632
248:633
248:634
248:635
250:636
236:638
256:639
256:640
186:641
186:642
186:643
278:644
284:645
284:646
284:647
279:648
206:649
282:650
212:651
212:652
213:653
283:654
286:656
287:658
261:659
264:660
264:661
264:662
265:663
266:665
267:667
19#13:362
19:363
19:364
21:421
19#14:388
19:389
20:390
20:391
23:393
22:395
24:397
24:398
25:399
33:401
33:402
38:403
38:404
39:405
39:406
40:407
42:408
162#15:400
198:422
63:439
64:440
22#16:433
23:436
25:437
26:438
5#17:434
6:435
29#18:503
29:504
30:505
30:506
31:507
19:508
31:509
19:510
19:511
19:531
8#19:668
9:669
10:670
*E


  // access flags 0x9
