input file=/rustc/17067e9ac6d7ecb70e50f92c1944e545188d2359/library/core/src/fmt/num.rs
input line=186
output line=5914
