com.dylibso.chicory.experimental.aot.cli.InterpreterFallbackTest.lambda$testSilentInterpreterFallback$0
com.dylibso.chicory.experimental.aot.cli.Test3Machine$AotMethods.callHostFunction
com.dylibso.chicory.experimental.aot.cli.Test3MachineFuncGroup_0.func_0
com.dylibso.chicory.experimental.aot.cli.Test3MachineFuncGroup_0.func_1
com.dylibso.chicory.experimental.aot.cli.Test3MachineFuncGroup_0.call_1
com.dylibso.chicory.experimental.aot.cli.Test3Machine$MachineCall.call
com.dylibso.chicory.experimental.aot.cli.Test3Machine.call
com.dylibso.chicory.runtime.InterpreterMachine.CALL_INDIRECT
com.dylibso.chicory.runtime.InterpreterMachine.eval
com.dylibso.chicory.runtime.InterpreterMachine.call
com.dylibso.chicory.runtime.InterpreterMachine.call
com.dylibso.chicory.experimental.aot.cli.Test3Machine.call
com.dylibso.chicory.experimental.aot.cli.Test3Machine$AotMethods.callIndirect
com.dylibso.chicory.experimental.aot.cli.Test3MachineFuncGroup_0.func_2
com.dylibso.chicory.experimental.aot.cli.Test3MachineFuncGroup_0.func_3
com.dylibso.chicory.experimental.aot.cli.Test3MachineFuncGroup_0.call_3
com.dylibso.chicory.experimental.aot.cli.Test3Machine$MachineCall.call
com.dylibso.chicory.experimental.aot.cli.Test3Machine.call
com.dylibso.chicory.runtime.Instance$Exports.lambda$function$0
com.dylibso.chicory.experimental.aot.cli.InterpreterFallbackTest.testSilentInterpreterFallback